Archive member included to satisfy reference by file (symbol)

/home/khanh/.local/xPacks/@xpack-dev-tools/arm-none-eabi-gcc/11.2.1-1.2.2/.content/bin/../lib/gcc/arm-none-eabi/11.2.1/thumb/v7e-m/nofp/libgcc.a(_arm_muldf3.o)
                              ./src/main.o (__aeabi_dmul)
/home/khanh/.local/xPacks/@xpack-dev-tools/arm-none-eabi-gcc/11.2.1-1.2.2/.content/bin/../lib/gcc/arm-none-eabi/11.2.1/thumb/v7e-m/nofp/libgcc.a(_arm_addsubdf3.o)
                              ./src/main.o (__aeabi_ui2d)
/home/khanh/.local/xPacks/@xpack-dev-tools/arm-none-eabi-gcc/11.2.1-1.2.2/.content/bin/../lib/gcc/arm-none-eabi/11.2.1/thumb/v7e-m/nofp/libgcc.a(_arm_muldivdf3.o)
                              ./src/main.o (__aeabi_ddiv)
/home/khanh/.local/xPacks/@xpack-dev-tools/arm-none-eabi-gcc/11.2.1-1.2.2/.content/bin/../lib/gcc/arm-none-eabi/11.2.1/thumb/v7e-m/nofp/libgcc.a(_arm_truncdfsf2.o)
                              ./src/main.o (__aeabi_d2f)
/home/khanh/.local/xPacks/@xpack-dev-tools/arm-none-eabi-gcc/11.2.1-1.2.2/.content/bin/../lib/gcc/arm-none-eabi/11.2.1/thumb/v7e-m/nofp/libgcc.a(_arm_cmpsf2.o)
                              ./src/main.o (__aeabi_fcmpgt)
/home/khanh/.local/xPacks/@xpack-dev-tools/arm-none-eabi-gcc/11.2.1-1.2.2/.content/bin/../lib/gcc/arm-none-eabi/11.2.1/thumb/v7e-m/nofp/libgcc.a(_aeabi_ldivmod.o)
                              ./src/stm32_bme280/bme280.o (__aeabi_ldivmod)
/home/khanh/.local/xPacks/@xpack-dev-tools/arm-none-eabi-gcc/11.2.1-1.2.2/.content/bin/../lib/gcc/arm-none-eabi/11.2.1/thumb/v7e-m/nofp/libgcc.a(_aeabi_uldivmod.o)
                              ./system/src/stm32f4-hal/stm32f4xx_hal_rcc.o (__aeabi_uldivmod)
/home/khanh/.local/xPacks/@xpack-dev-tools/arm-none-eabi-gcc/11.2.1-1.2.2/.content/bin/../lib/gcc/arm-none-eabi/11.2.1/thumb/v7e-m/nofp/libgcc.a(_udivmoddi4.o)
                              /home/khanh/.local/xPacks/@xpack-dev-tools/arm-none-eabi-gcc/11.2.1-1.2.2/.content/bin/../lib/gcc/arm-none-eabi/11.2.1/thumb/v7e-m/nofp/libgcc.a(_aeabi_ldivmod.o) (__udivmoddi4)
/home/khanh/.local/xPacks/@xpack-dev-tools/arm-none-eabi-gcc/11.2.1-1.2.2/.content/bin/../lib/gcc/arm-none-eabi/11.2.1/thumb/v7e-m/nofp/libgcc.a(_dvmd_tls.o)
                              /home/khanh/.local/xPacks/@xpack-dev-tools/arm-none-eabi-gcc/11.2.1-1.2.2/.content/bin/../lib/gcc/arm-none-eabi/11.2.1/thumb/v7e-m/nofp/libgcc.a(_aeabi_ldivmod.o) (__aeabi_ldiv0)
/home/khanh/.local/xPacks/@xpack-dev-tools/arm-none-eabi-gcc/11.2.1-1.2.2/.content/bin/../lib/gcc/arm-none-eabi/11.2.1/../../../../arm-none-eabi/lib/thumb/v7e-m/nofp/libg_nano.a(lib_a-ctype_.o)
                              ./system/src/newlib/syscalls.o (_ctype_)
/home/khanh/.local/xPacks/@xpack-dev-tools/arm-none-eabi-gcc/11.2.1-1.2.2/.content/bin/../lib/gcc/arm-none-eabi/11.2.1/../../../../arm-none-eabi/lib/thumb/v7e-m/nofp/libg_nano.a(lib_a-errno.o)
                              ./system/src/newlib/sbrk.o (__errno)
/home/khanh/.local/xPacks/@xpack-dev-tools/arm-none-eabi-gcc/11.2.1-1.2.2/.content/bin/../lib/gcc/arm-none-eabi/11.2.1/../../../../arm-none-eabi/lib/thumb/v7e-m/nofp/libg_nano.a(lib_a-impure.o)
                              /home/khanh/.local/xPacks/@xpack-dev-tools/arm-none-eabi-gcc/11.2.1-1.2.2/.content/bin/../lib/gcc/arm-none-eabi/11.2.1/../../../../arm-none-eabi/lib/thumb/v7e-m/nofp/libg_nano.a(lib_a-errno.o) (_impure_ptr)
/home/khanh/.local/xPacks/@xpack-dev-tools/arm-none-eabi-gcc/11.2.1-1.2.2/.content/bin/../lib/gcc/arm-none-eabi/11.2.1/../../../../arm-none-eabi/lib/thumb/v7e-m/nofp/libg_nano.a(lib_a-malloc.o)
                              ./src/main.o (malloc)
/home/khanh/.local/xPacks/@xpack-dev-tools/arm-none-eabi-gcc/11.2.1-1.2.2/.content/bin/../lib/gcc/arm-none-eabi/11.2.1/../../../../arm-none-eabi/lib/thumb/v7e-m/nofp/libg_nano.a(lib_a-memcpy-stub.o)
                              ./src/main.o (memcpy)
/home/khanh/.local/xPacks/@xpack-dev-tools/arm-none-eabi-gcc/11.2.1-1.2.2/.content/bin/../lib/gcc/arm-none-eabi/11.2.1/../../../../arm-none-eabi/lib/thumb/v7e-m/nofp/libg_nano.a(lib_a-memset.o)
                              ./system/src/newlib/syscalls.o (memset)
/home/khanh/.local/xPacks/@xpack-dev-tools/arm-none-eabi-gcc/11.2.1-1.2.2/.content/bin/../lib/gcc/arm-none-eabi/11.2.1/../../../../arm-none-eabi/lib/thumb/v7e-m/nofp/libg_nano.a(lib_a-nano-freer.o)
                              /home/khanh/.local/xPacks/@xpack-dev-tools/arm-none-eabi-gcc/11.2.1-1.2.2/.content/bin/../lib/gcc/arm-none-eabi/11.2.1/../../../../arm-none-eabi/lib/thumb/v7e-m/nofp/libg_nano.a(lib_a-malloc.o) (_free_r)
/home/khanh/.local/xPacks/@xpack-dev-tools/arm-none-eabi-gcc/11.2.1-1.2.2/.content/bin/../lib/gcc/arm-none-eabi/11.2.1/../../../../arm-none-eabi/lib/thumb/v7e-m/nofp/libg_nano.a(lib_a-nano-mallocr.o)
                              /home/khanh/.local/xPacks/@xpack-dev-tools/arm-none-eabi-gcc/11.2.1-1.2.2/.content/bin/../lib/gcc/arm-none-eabi/11.2.1/../../../../arm-none-eabi/lib/thumb/v7e-m/nofp/libg_nano.a(lib_a-malloc.o) (_malloc_r)
[...]
Memory Configuration

Name             Origin             Length             Attributes
RAM              0x0000000020000000 0x0000000000008000 xrw
CCMRAM           0x0000000010000000 0x0000000000000000 xrw
FLASH            0x0000000008000000 0x0000000000100000 xr
FLASHB1          0x0000000000000000 0x0000000000000000 xr
EXTMEMB0         0x0000000000000000 0x0000000000000000 xr
EXTMEMB1         0x0000000000000000 0x0000000000000000 xr
EXTMEMB2         0x0000000000000000 0x0000000000000000 xr
EXTMEMB3         0x0000000000000000 0x0000000000000000 xr
*default*        0x0000000000000000 0xffffffffffffffff

Linker script and memory map

LOAD ./system/src/stm32f4-hal/stm32f4xx_hal.o
LOAD ./system/src/stm32f4-hal/stm32f4xx_hal_cortex.o
LOAD ./system/src/stm32f4-hal/stm32f4xx_hal_flash.o
LOAD ./system/src/stm32f4-hal/stm32f4xx_hal_flash_ex.o
LOAD ./system/src/stm32f4-hal/stm32f4xx_hal_flash_ramfunc.o
LOAD ./system/src/stm32f4-hal/stm32f4xx_hal_gpio.o
LOAD ./system/src/stm32f4-hal/stm32f4xx_hal_iwdg.o
LOAD ./system/src/stm32f4-hal/stm32f4xx_hal_pwr.o
LOAD ./system/src/stm32f4-hal/stm32f4xx_hal_rcc.o
LOAD ./system/src/newlib/assert.o
LOAD ./system/src/newlib/cxx.o
LOAD ./system/src/newlib/exit.o
LOAD ./system/src/newlib/sbrk.o
LOAD ./system/src/newlib/startup.o
LOAD ./system/src/newlib/syscalls.o
LOAD ./system/src/diag/trace-impl.o
LOAD ./system/src/diag/trace.o
LOAD ./system/src/cortexm/exception-handlers.o
LOAD ./system/src/cortexm/initialize-hardware.o
LOAD ./system/src/cortexm/reset-hardware.o
LOAD ./system/src/cmsis/system_stm32f4xx.o
LOAD ./system/src/cmsis/vectors_stm32f410cx.o
LOAD ./src/stm32_bme280/bme280.o
LOAD ./src/initialize-hardware.o
LOAD ./src/led.o
LOAD ./src/main.o
LOAD ./src/stm32f4xx_hal_msp.o
LOAD ./src/timer.o
LOAD ./src/write.o
LOAD /home/khanh/.local/xPacks/@xpack-dev-tools/arm-none-eabi-gcc/11.2.1-1.2.2/.content/bin/../lib/gcc/arm-none-eabi/11.2.1/../../../../arm-none-eabi/lib/thumb/v7e-m/nofp/libstdc++_nano.a
LOAD /home/khanh/.local/xPacks/@xpack-dev-tools/arm-none-eabi-gcc/11.2.1-1.2.2/.content/bin/../lib/gcc/arm-none-eabi/11.2.1/../../../../arm-none-eabi/lib/thumb/v7e-m/nofp/libm.a
START GROUP
LOAD /home/khanh/.local/xPacks/@xpack-dev-tools/arm-none-eabi-gcc/11.2.1-1.2.2/.content/bin/../lib/gcc/arm-none-eabi/11.2.1/thumb/v7e-m/nofp/libgcc.a
LOAD /home/khanh/.local/xPacks/@xpack-dev-tools/arm-none-eabi-gcc/11.2.1-1.2.2/.content/bin/../lib/gcc/arm-none-eabi/11.2.1/../../../../arm-none-eabi/lib/thumb/v7e-m/nofp/libg_nano.a
LOAD /home/khanh/.local/xPacks/@xpack-dev-tools/arm-none-eabi-gcc/11.2.1-1.2.2/.content/bin/../lib/gcc/arm-none-eabi/11.2.1/../../../../arm-none-eabi/lib/thumb/v7e-m/nofp/libc_nano.a
END GROUP
START GROUP
LOAD /home/khanh/.local/xPacks/@xpack-dev-tools/arm-none-eabi-gcc/11.2.1-1.2.2/.content/bin/../lib/gcc/arm-none-eabi/11.2.1/thumb/v7e-m/nofp/libgcc.a
LOAD /home/khanh/.local/xPacks/@xpack-dev-tools/arm-none-eabi-gcc/11.2.1-1.2.2/.content/bin/../lib/gcc/arm-none-eabi/11.2.1/../../../../arm-none-eabi/lib/thumb/v7e-m/nofp/libc_nano.a
END GROUP
                0x0000000020008000                __stack = (ORIGIN (RAM) + LENGTH (RAM))
                0x0000000020008000                _estack = __stack
                0x0000000000000400                __Main_Stack_Size = 0x400
                [!provide]                        PROVIDE (_Main_Stack_Size = __Main_Stack_Size)
                0x0000000020007c00                __Main_Stack_Limit = (__stack - __Main_Stack_Size)
                [!provide]                        PROVIDE (_Main_Stack_Limit = __Main_Stack_Limit)
                0x0000000000000100                _Minimum_Stack_Size = 0x100
                0x00000000200002f0                PROVIDE (_Heap_Begin = _end_noinit)
                0x0000000020007c00                PROVIDE (_Heap_Limit = (__stack - __Main_Stack_Size))

.isr_vector     0x0000000008000000      0x428
 FILL mask 0xff
                0x0000000008000000                __vectors_start = ABSOLUTE (.)
                0x0000000008000000                __vectors_start__ = ABSOLUTE (.)
 *(.isr_vector)
 .isr_vector    0x0000000008000000      0x1c8 ./system/src/cmsis/vectors_stm32f410cx.o
                0x0000000008000000                __isr_vectors
 *(.cfmconfig)
 *(.after_vectors .after_vectors.*)
 .after_vectors
                0x00000000080001c8      0x130 ./system/src/newlib/startup.o
                0x00000000080001c8                _start
 .after_vectors
                0x00000000080002f8      0x12c ./system/src/cortexm/exception-handlers.o
                0x00000000080002f8                Reset_Handler
                0x00000000080002fe                NMI_Handler
                0x0000000008000302                HardFault_Handler
                0x0000000008000316                HardFault_Handler_C
                0x0000000008000374                MemManage_Handler
                0x0000000008000378                BusFault_Handler
                0x000000000800038c                BusFault_Handler_C
                0x00000000080003c0                UsageFault_Handler
                0x00000000080003d4                UsageFault_Handler_C
                0x0000000008000408                SVC_Handler
                0x000000000800040c                DebugMon_Handler
                0x0000000008000410                PendSV_Handler
 .after_vectors
                0x0000000008000424        0x4 ./system/src/cmsis/vectors_stm32f410cx.o
                0x0000000008000424                RTC_Alarm_IRQHandler
                0x0000000008000424                EXTI2_IRQHandler
                0x0000000008000424                FMPI2C1_EV_IRQHandler
                0x0000000008000424                TIM1_CC_IRQHandler
                0x0000000008000424                DMA2_Stream5_IRQHandler
                0x0000000008000424                DMA1_Stream5_IRQHandler
                0x0000000008000424                PVD_IRQHandler
                0x0000000008000424                TAMP_STAMP_IRQHandler
                0x0000000008000424                EXTI3_IRQHandler
                0x0000000008000424                EXTI0_IRQHandler
                0x0000000008000424                I2C2_EV_IRQHandler
                0x0000000008000424                DMA1_Stream2_IRQHandler
                0x0000000008000424                FPU_IRQHandler
                0x0000000008000424                DMA2_Stream2_IRQHandler
                0x0000000008000424                SPI1_IRQHandler
                0x0000000008000424                TIM6_DAC_IRQHandler
                0x0000000008000424                TIM1_BRK_TIM9_IRQHandler
                0x0000000008000424                DMA2_Stream3_IRQHandler
                0x0000000008000424                USART6_IRQHandler
                0x0000000008000424                DMA2_Stream0_IRQHandler
                0x0000000008000424                I2C1_EV_IRQHandler
                0x0000000008000424                DMA1_Stream6_IRQHandler
                0x0000000008000424                DMA1_Stream1_IRQHandler
                0x0000000008000424                RCC_IRQHandler
                0x0000000008000424                Default_Handler
                0x0000000008000424                EXTI15_10_IRQHandler
                0x0000000008000424                ADC_IRQHandler
                0x0000000008000424                DMA1_Stream7_IRQHandler
                0x0000000008000424                SPI5_IRQHandler
                0x0000000008000424                TIM5_IRQHandler
                0x0000000008000424                DMA2_Stream7_IRQHandler
                0x0000000008000424                EXTI9_5_IRQHandler
                0x0000000008000424                RTC_WKUP_IRQHandler
                0x0000000008000424                SPI2_IRQHandler
                0x0000000008000424                DMA1_Stream0_IRQHandler
                0x0000000008000424                FMPI2C1_ER_IRQHandler
                0x0000000008000424                EXTI4_IRQHandler
                0x0000000008000424                RNG_IRQHandler
                0x0000000008000424                TIM1_UP_IRQHandler
                0x0000000008000424                WWDG_IRQHandler
                0x0000000008000424                TIM1_TRG_COM_TIM11_IRQHandler
                0x0000000008000424                EXTI1_IRQHandler
                0x0000000008000424                USART2_IRQHandler
                0x0000000008000424                I2C2_ER_IRQHandler
                0x0000000008000424                DMA2_Stream1_IRQHandler
                0x0000000008000424                FLASH_IRQHandler
                0x0000000008000424                DMA2_Stream4_IRQHandler
                0x0000000008000424                USART1_IRQHandler
                0x0000000008000424                DMA1_Stream4_IRQHandler
                0x0000000008000424                I2C1_ER_IRQHandler
                0x0000000008000424                LPTIM1_IRQHandler
                0x0000000008000424                DMA2_Stream6_IRQHandler
                0x0000000008000424                DMA1_Stream3_IRQHandler

.inits          0x0000000008000428       0x28
                0x0000000008000428                __data_regions_array_start = .
                0x0000000008000428        0x4 LONG 0x800479c LOADADDR (.data)
                0x000000000800042c        0x4 LONG 0x20000000 ADDR (.data)
                0x0000000008000430        0x4 LONG 0x20000078 (ADDR (.data) + SIZEOF (.data))
                0x0000000008000434        0x4 LONG 0x800479c LOADADDR (.data_CCMRAM)
                0x0000000008000438        0x4 LONG 0x10000000 ADDR (.data_CCMRAM)
                0x000000000800043c        0x4 LONG 0x10000000 (ADDR (.data_CCMRAM) + SIZEOF (.data_CCMRAM))
                0x0000000008000440                __data_regions_array_end = .
                0x0000000008000440                __bss_regions_array_start = .
                0x0000000008000440        0x4 LONG 0x20000078 ADDR (.bss)
                0x0000000008000444        0x4 LONG 0x200002f0 (ADDR (.bss) + SIZEOF (.bss))
                0x0000000008000448        0x4 LONG 0x10000000 ADDR (.bss_CCMRAM)
                0x000000000800044c        0x4 LONG 0x10000000 (ADDR (.bss_CCMRAM) + SIZEOF (.bss_CCMRAM))
                0x0000000008000450                __bss_regions_array_end = .
 *(.init)
 *(.fini)
                0x0000000008000450                . = ALIGN (0x4)
                0x0000000008000450                PROVIDE (__preinit_array_start = .)
 *(.preinit_array_sysinit .preinit_array_sysinit.*)
 *(.preinit_array_platform .preinit_array_platform.*)
 *(.preinit_array .preinit_array.*)
                0x0000000008000450                PROVIDE (__preinit_array_end = .)
                0x0000000008000450                . = ALIGN (0x4)
                0x0000000008000450                PROVIDE (__init_array_start = .)
 *(SORT_BY_NAME(.init_array.*))
 *(.init_array)
                0x0000000008000450                PROVIDE (__init_array_end = .)
                0x0000000008000450                . = ALIGN (0x4)
                0x0000000008000450                PROVIDE (__fini_array_start = .)
 *(SORT_BY_NAME(.fini_array.*))
 *(.fini_array)
                0x0000000008000450                PROVIDE (__fini_array_end = .)

.flashtext
 *(.flashtext .flashtext.*)

.text           0x0000000008000450     0x4343
 *(.text .text.*)
 .text.HAL_InitTick
                0x0000000008000450       0x4c ./system/src/stm32f4-hal/stm32f4xx_hal.o
                0x0000000008000450                HAL_InitTick
 .text.HAL_Init
                0x000000000800049c       0x34 ./system/src/stm32f4-hal/stm32f4xx_hal.o
                0x000000000800049c                HAL_Init
 .text.HAL_IncTick
                0x00000000080004d0       0x18 ./system/src/stm32f4-hal/stm32f4xx_hal.o
                0x00000000080004d0                HAL_IncTick
 .text.HAL_GetTick
                0x00000000080004e8        0xc ./system/src/stm32f4-hal/stm32f4xx_hal.o
                0x00000000080004e8                HAL_GetTick
 .text.HAL_Delay
                0x00000000080004f4       0x28 ./system/src/stm32f4-hal/stm32f4xx_hal.o
                0x00000000080004f4                HAL_Delay
 .text.HAL_NVIC_SetPriorityGrouping
                0x000000000800051c       0x3c ./system/src/stm32f4-hal/stm32f4xx_hal_cortex.o
                0x000000000800051c                HAL_NVIC_SetPriorityGrouping
 .text.HAL_NVIC_SetPriority
                0x0000000008000558       0x8c ./system/src/stm32f4-hal/stm32f4xx_hal_cortex.o
                0x0000000008000558                HAL_NVIC_SetPriority
 .text.HAL_SYSTICK_Config
                0x00000000080005e4       0x28 ./system/src/stm32f4-hal/stm32f4xx_hal_cortex.o
                0x00000000080005e4                HAL_SYSTICK_Config
 .text.HAL_GPIO_WritePin
                0x000000000800060c       0x38 ./system/src/stm32f4-hal/stm32f4xx_hal_gpio.o
                0x000000000800060c                HAL_GPIO_WritePin
 .text.HAL_RCC_OscConfig
                0x0000000008000644      0x4f8 ./system/src/stm32f4-hal/stm32f4xx_hal_rcc.o
                0x0000000008000644                HAL_RCC_OscConfig
 .text.HAL_RCC_GetSysClockFreq
                0x0000000008000b3c       0xdc ./system/src/stm32f4-hal/stm32f4xx_hal_rcc.o
                0x0000000008000b3c                HAL_RCC_GetSysClockFreq
 .text.HAL_RCC_ClockConfig
                0x0000000008000c18      0x224 ./system/src/stm32f4-hal/stm32f4xx_hal_rcc.o
                0x0000000008000c18                HAL_RCC_ClockConfig
 .text._sbrk    0x0000000008000e3c       0x44 ./system/src/newlib/sbrk.o
                0x0000000008000e3c                _sbrk
 .text.findslot
                0x0000000008000e80       0x24 ./system/src/newlib/syscalls.o
 .text.get_errno
                0x0000000008000ea4       0x12 ./system/src/newlib/syscalls.o
 .text.error    0x0000000008000eb6       0x14 ./system/src/newlib/syscalls.o
 .text.checkerror
                0x0000000008000eca       0x10 ./system/src/newlib/syscalls.o
 *fill*         0x0000000008000eda        0x2 
 .text._exit    0x0000000008000edc       0x20 ./system/src/newlib/syscalls.o
                0x0000000008000edc                _exit
 .text.initialise_monitor_handles
                0x0000000008000efc       0xa8 ./system/src/newlib/syscalls.o
                0x0000000008000efc                initialise_monitor_handles
 .text.__initialize_args
                0x0000000008000fa4       0xc0 ./system/src/newlib/syscalls.o
                0x0000000008000fa4                __initialize_args
 .text._swiread
                0x0000000008001064       0x20 ./system/src/newlib/syscalls.o
                0x0000000008001064                _swiread
 .text._read    0x0000000008001084       0x36 ./system/src/newlib/syscalls.o
                0x0000000008001084                _read
 .text._swilseek
                0x00000000080010ba       0x96 ./system/src/newlib/syscalls.o
                0x00000000080010ba                _swilseek
 .text._lseek   0x0000000008001150        0x8 ./system/src/newlib/syscalls.o
                0x0000000008001150                _lseek
 .text._swiwrite
                0x0000000008001158       0x20 ./system/src/newlib/syscalls.o
                0x0000000008001158                _swiwrite
 .text._write   0x0000000008001178       0x46 ./system/src/newlib/syscalls.o
                0x0000000008001178                _write
 .text._swiclose
                0x00000000080011be       0x1c ./system/src/newlib/syscalls.o
                0x00000000080011be                _swiclose
 *fill*         0x00000000080011da        0x2 
 .text._close   0x00000000080011dc       0x48 ./system/src/newlib/syscalls.o
                0x00000000080011dc                _close
 .text._swistat
                0x0000000008001224       0x44 ./system/src/newlib/syscalls.o
                0x0000000008001224                _swistat
 .text._fstat   0x0000000008001268       0x1a ./system/src/newlib/syscalls.o
                0x0000000008001268                _fstat
 .text._isatty  0x0000000008001282       0x36 ./system/src/newlib/syscalls.o
                0x0000000008001282                _isatty
 .text._trace_write_semihosting_stdout
                0x00000000080012b8       0x68 ./system/src/diag/trace-impl.o
 .text.trace_write
                0x0000000008001320        0x8 ./system/src/diag/trace-impl.o
                0x0000000008001320                trace_write
 .text.trace_printf
                0x0000000008001328       0x34 ./system/src/diag/trace.o
                0x0000000008001328                trace_printf
 .text.dumpExceptionStack
                0x000000000800135c       0xf4 ./system/src/cortexm/exception-handlers.o
                0x000000000800135c                dumpExceptionStack
 .text.isSemihosting
                0x0000000008001450      0x100 ./system/src/cortexm/exception-handlers.o
                0x0000000008001450                isSemihosting
 .text.__initialize_hardware_early
                0x0000000008001550       0x18 ./system/src/cortexm/initialize-hardware.o
                0x0000000008001550                __initialize_hardware_early
 .text.SystemInit
                0x0000000008001568       0x10 ./system/src/cmsis/system_stm32f4xx.o
                0x0000000008001568                SystemInit
 .text.SystemCoreClockUpdate
                0x0000000008001578       0xa0 ./system/src/cmsis/system_stm32f4xx.o
                0x0000000008001578                SystemCoreClockUpdate
 .text.fill_filter_settings
                0x0000000008001618       0x16 ./src/stm32_bme280/bme280.o
 .text.fill_standby_settings
                0x000000000800162e       0x12 ./src/stm32_bme280/bme280.o
 .text.fill_osr_press_settings
                0x0000000008001640       0x16 ./src/stm32_bme280/bme280.o
 .text.fill_osr_temp_settings
                0x0000000008001656       0x12 ./src/stm32_bme280/bme280.o
 .text.parse_device_settings
                0x0000000008001668       0x26 ./src/stm32_bme280/bme280.o
 *fill*         0x000000000800168e        0x2 
 .text.compensate_temperature
                0x0000000008001690       0x84 ./src/stm32_bme280/bme280.o
 .text.compensate_pressure
                0x0000000008001714      0x264 ./src/stm32_bme280/bme280.o
 .text.compensate_humidity
                0x0000000008001978       0xe0 ./src/stm32_bme280/bme280.o
 .text.interleave_reg_addr
                0x0000000008001a58       0x32 ./src/stm32_bme280/bme280.o
 .text.parse_temp_press_calib_data
                0x0000000008001a8a       0x80 ./src/stm32_bme280/bme280.o
 .text.parse_humidity_calib_data
                0x0000000008001b0a       0x40 ./src/stm32_bme280/bme280.o
 .text.are_settings_changed
                0x0000000008001b4a        0x8 ./src/stm32_bme280/bme280.o
 .text.null_ptr_check
                0x0000000008001b52       0x2a ./src/stm32_bme280/bme280.o
 .text.bme280_get_regs
                0x0000000008001b7c       0x3e ./src/stm32_bme280/bme280.o
                0x0000000008001b7c                bme280_get_regs
 .text.get_calib_data
                0x0000000008001bba       0x52 ./src/stm32_bme280/bme280.o
 .text.bme280_set_regs
                0x0000000008001c0c       0x92 ./src/stm32_bme280/bme280.o
                0x0000000008001c0c                bme280_set_regs
 .text.set_osr_humidity_settings
                0x0000000008001c9e       0x54 ./src/stm32_bme280/bme280.o
 .text.set_osr_press_temp_settings
                0x0000000008001cf2       0x56 ./src/stm32_bme280/bme280.o
 .text.set_osr_settings
                0x0000000008001d48       0x2e ./src/stm32_bme280/bme280.o
 .text.set_filter_standby_settings
                0x0000000008001d76       0x56 ./src/stm32_bme280/bme280.o
 .text.reload_device_settings
                0x0000000008001dcc       0x20 ./src/stm32_bme280/bme280.o
 .text.write_power_mode
                0x0000000008001dec       0x46 ./src/stm32_bme280/bme280.o
 .text.bme280_get_sensor_mode
                0x0000000008001e32       0x26 ./src/stm32_bme280/bme280.o
                0x0000000008001e32                bme280_get_sensor_mode
 .text.bme280_soft_reset
                0x0000000008001e58       0x3a ./src/stm32_bme280/bme280.o
                0x0000000008001e58                bme280_soft_reset
 .text.bme280_init
                0x0000000008001e92       0x68 ./src/stm32_bme280/bme280.o
                0x0000000008001e92                bme280_init
 .text.put_device_to_sleep
                0x0000000008001efa       0x34 ./src/stm32_bme280/bme280.o
 .text.bme280_set_sensor_settings
                0x0000000008001f2e       0x74 ./src/stm32_bme280/bme280.o
                0x0000000008001f2e                bme280_set_sensor_settings
 .text.bme280_set_sensor_mode
                0x0000000008001fa2       0x46 ./src/stm32_bme280/bme280.o
                0x0000000008001fa2                bme280_set_sensor_mode
 .text.bme280_parse_sensor_data
                0x0000000008001fe8       0x34 ./src/stm32_bme280/bme280.o
                0x0000000008001fe8                bme280_parse_sensor_data
 .text.bme280_compensate_data
                0x000000000800201c       0x64 ./src/stm32_bme280/bme280.o
                0x000000000800201c                bme280_compensate_data
 .text.bme280_get_sensor_data
                0x0000000008002080       0x56 ./src/stm32_bme280/bme280.o
                0x0000000008002080                bme280_get_sensor_data
 .text.__initialize_hardware
                0x00000000080020d6       0x10 ./src/initialize-hardware.o
                0x00000000080020d6                __initialize_hardware
 *fill*         0x00000000080020e6        0x2 
 .text.assert_failed
                0x00000000080020e8       0x14 ./src/initialize-hardware.o
                0x00000000080020e8                assert_failed
 .text.blink_led_on
                0x00000000080020fc       0x14 ./src/led.o
                0x00000000080020fc                blink_led_on
 .text.blink_led_off
                0x0000000008002110       0x14 ./src/led.o
                0x0000000008002110                blink_led_off
 .text.MX_GPIO_Init
                0x0000000008002124       0x24 ./src/main.o
 .text.user_i2c_read
                0x0000000008002148       0x50 ./src/main.o
                0x0000000008002148                user_i2c_read
 .text.user_delay_ms
                0x0000000008002198        0x8 ./src/main.o
                0x0000000008002198                user_delay_ms
 .text.user_i2c_write
                0x00000000080021a0       0x54 ./src/main.o
                0x00000000080021a0                user_i2c_write
 .text.Error_Handler
                0x00000000080021f4        0x4 ./src/main.o
                0x00000000080021f4                Error_Handler
 .text.MX_I2C1_Init
                0x00000000080021f8       0x38 ./src/main.o
 .text.SystemClock_Config
                0x0000000008002230       0x52 ./src/main.o
                0x0000000008002230                SystemClock_Config
 *fill*         0x0000000008002282        0x6 
 .text.main     0x0000000008002288      0x13c ./src/main.o
                0x0000000008002288                main
 .text.HAL_MspInit
                0x00000000080023c4        0x2 ./src/stm32f4xx_hal_msp.o
                0x00000000080023c4                HAL_MspInit
 *fill*         0x00000000080023c6        0x2 
 .text.timer_tick
                0x00000000080023c8       0x14 ./src/timer.o
                0x00000000080023c8                timer_tick
 .text.SysTick_Handler
                0x00000000080023dc        0xc ./src/timer.o
                0x00000000080023dc                SysTick_Handler
 .text          0x00000000080023e8      0x378 /home/khanh/.local/xPacks/@xpack-dev-tools/arm-none-eabi-gcc/11.2.1-1.2.2/.content/bin/../lib/gcc/arm-none-eabi/11.2.1/thumb/v7e-m/nofp/libgcc.a(_arm_addsubdf3.o)
                0x00000000080023e8                __aeabi_drsub
                0x00000000080023f0                __aeabi_dsub
                0x00000000080023f0                __subdf3
                0x00000000080023f4                __adddf3
                0x00000000080023f4                __aeabi_dadd
                0x000000000800266c                __aeabi_ui2d
                0x000000000800266c                __floatunsidf
                0x000000000800268c                __floatsidf
                0x000000000800268c                __aeabi_i2d
                0x00000000080026b0                __extendsfdf2
                0x00000000080026b0                __aeabi_f2d
                0x00000000080026f4                __aeabi_ul2d
                0x00000000080026f4                __floatundidf
                0x0000000008002704                __floatdidf
                0x0000000008002704                __aeabi_l2d
 .text          0x0000000008002760      0x424 /home/khanh/.local/xPacks/@xpack-dev-tools/arm-none-eabi-gcc/11.2.1-1.2.2/.content/bin/../lib/gcc/arm-none-eabi/11.2.1/thumb/v7e-m/nofp/libgcc.a(_arm_muldivdf3.o)
                0x0000000008002760                __aeabi_dmul
                0x0000000008002760                __muldf3
                0x00000000080029b4                __aeabi_ddiv
                0x00000000080029b4                __divdf3
 .text          0x0000000008002b84       0xa0 /home/khanh/.local/xPacks/@xpack-dev-tools/arm-none-eabi-gcc/11.2.1-1.2.2/.content/bin/../lib/gcc/arm-none-eabi/11.2.1/thumb/v7e-m/nofp/libgcc.a(_arm_truncdfsf2.o)
                0x0000000008002b84                __aeabi_d2f
                0x0000000008002b84                __truncdfsf2
 .text          0x0000000008002c24       0xec /home/khanh/.local/xPacks/@xpack-dev-tools/arm-none-eabi-gcc/11.2.1-1.2.2/.content/bin/../lib/gcc/arm-none-eabi/11.2.1/thumb/v7e-m/nofp/libgcc.a(_arm_cmpsf2.o)
                0x0000000008002c24                __gtsf2
                0x0000000008002c24                __gesf2
                0x0000000008002c2c                __lesf2
                0x0000000008002c2c                __ltsf2
                0x0000000008002c34                __nesf2
                0x0000000008002c34                __eqsf2
                0x0000000008002c34                __cmpsf2
                0x0000000008002c94                __aeabi_cfrcmple
                0x0000000008002c9c                __aeabi_cfcmple
                0x0000000008002c9c                __aeabi_cfcmpeq
                0x0000000008002cac                __aeabi_fcmpeq
                0x0000000008002cc0                __aeabi_fcmplt
                0x0000000008002cd4                __aeabi_fcmple
                0x0000000008002ce8                __aeabi_fcmpge
                0x0000000008002cfc                __aeabi_fcmpgt
 .text          0x0000000008002d10       0xa0 /home/khanh/.local/xPacks/@xpack-dev-tools/arm-none-eabi-gcc/11.2.1-1.2.2/.content/bin/../lib/gcc/arm-none-eabi/11.2.1/thumb/v7e-m/nofp/libgcc.a(_aeabi_ldivmod.o)
                0x0000000008002d10                __aeabi_ldivmod
 .text          0x0000000008002db0       0x30 /home/khanh/.local/xPacks/@xpack-dev-tools/arm-none-eabi-gcc/11.2.1-1.2.2/.content/bin/../lib/gcc/arm-none-eabi/11.2.1/thumb/v7e-m/nofp/libgcc.a(_aeabi_uldivmod.o)
                0x0000000008002db0                __aeabi_uldivmod
 .text.__udivmoddi4
                0x0000000008002de0      0x2c8 /home/khanh/.local/xPacks/@xpack-dev-tools/arm-none-eabi-gcc/11.2.1-1.2.2/.content/bin/../lib/gcc/arm-none-eabi/11.2.1/thumb/v7e-m/nofp/libgcc.a(_udivmoddi4.o)
                0x0000000008002de0                __udivmoddi4
 .text          0x00000000080030a8        0x4 /home/khanh/.local/xPacks/@xpack-dev-tools/arm-none-eabi-gcc/11.2.1-1.2.2/.content/bin/../lib/gcc/arm-none-eabi/11.2.1/thumb/v7e-m/nofp/libgcc.a(_dvmd_tls.o)
                0x00000000080030a8                __aeabi_ldiv0
                0x00000000080030a8                __aeabi_idiv0
 .text.__errno  0x00000000080030ac        0xc /home/khanh/.local/xPacks/@xpack-dev-tools/arm-none-eabi-gcc/11.2.1-1.2.2/.content/bin/../lib/gcc/arm-none-eabi/11.2.1/../../../../arm-none-eabi/lib/thumb/v7e-m/nofp/libg_nano.a(lib_a-errno.o)
                0x00000000080030ac                __errno
 .text.malloc   0x00000000080030b8       0x10 /home/khanh/.local/xPacks/@xpack-dev-tools/arm-none-eabi-gcc/11.2.1-1.2.2/.content/bin/../lib/gcc/arm-none-eabi/11.2.1/../../../../arm-none-eabi/lib/thumb/v7e-m/nofp/libg_nano.a(lib_a-malloc.o)
                0x00000000080030b8                malloc
 .text.free     0x00000000080030c8       0x10 /home/khanh/.local/xPacks/@xpack-dev-tools/arm-none-eabi-gcc/11.2.1-1.2.2/.content/bin/../lib/gcc/arm-none-eabi/11.2.1/../../../../arm-none-eabi/lib/thumb/v7e-m/nofp/libg_nano.a(lib_a-malloc.o)
                0x00000000080030c8                free
 .text.memcpy   0x00000000080030d8       0x1c /home/khanh/.local/xPacks/@xpack-dev-tools/arm-none-eabi-gcc/11.2.1-1.2.2/.content/bin/../lib/gcc/arm-none-eabi/11.2.1/../../../../arm-none-eabi/lib/thumb/v7e-m/nofp/libg_nano.a(lib_a-memcpy-stub.o)
                0x00000000080030d8                memcpy
 .text.memset   0x00000000080030f4       0x10 /home/khanh/.local/xPacks/@xpack-dev-tools/arm-none-eabi-gcc/11.2.1-1.2.2/.content/bin/../lib/gcc/arm-none-eabi/11.2.1/../../../../arm-none-eabi/lib/thumb/v7e-m/nofp/libg_nano.a(lib_a-memset.o)
                0x00000000080030f4                memset
 .text._free_r  0x0000000008003104       0x94 /home/khanh/.local/xPacks/@xpack-dev-tools/arm-none-eabi-gcc/11.2.1-1.2.2/.content/bin/../lib/gcc/arm-none-eabi/11.2.1/../../../../arm-none-eabi/lib/thumb/v7e-m/nofp/libg_nano.a(lib_a-nano-freer.o)
                0x0000000008003104                _free_r
 .text.sbrk_aligned
                0x0000000008003198       0x40 /home/khanh/.local/xPacks/@xpack-dev-tools/arm-none-eabi-gcc/11.2.1-1.2.2/.content/bin/../lib/gcc/arm-none-eabi/11.2.1/../../../../arm-none-eabi/lib/thumb/v7e-m/nofp/libg_nano.a(lib_a-nano-mallocr.o)
 .text._malloc_r
                0x00000000080031d8       0xe8 /home/khanh/.local/xPacks/@xpack-dev-tools/arm-none-eabi-gcc/11.2.1-1.2.2/.content/bin/../lib/gcc/arm-none-eabi/11.2.1/../../../../arm-none-eabi/lib/thumb/v7e-m/nofp/libg_nano.a(lib_a-nano-mallocr.o)
                0x00000000080031d8                _malloc_r
 .text.printf   0x00000000080032c0       0x30 /home/khanh/.local/xPacks/@xpack-dev-tools/arm-none-eabi-gcc/11.2.1-1.2.2/.content/bin/../lib/gcc/arm-none-eabi/11.2.1/../../../../arm-none-eabi/lib/thumb/v7e-m/nofp/libg_nano.a(lib_a-printf.o)
                0x00000000080032c0                printf
                0x00000000080032c0                iprintf
 .text._sbrk_r  0x00000000080032f0       0x20 /home/khanh/.local/xPacks/@xpack-dev-tools/arm-none-eabi-gcc/11.2.1-1.2.2/.content/bin/../lib/gcc/arm-none-eabi/11.2.1/../../../../arm-none-eabi/lib/thumb/v7e-m/nofp/libg_nano.a(lib_a-sbrkr.o)
                0x00000000080032f0                _sbrk_r
 .text          0x0000000008003310       0x14 /home/khanh/.local/xPacks/@xpack-dev-tools/arm-none-eabi-gcc/11.2.1-1.2.2/.content/bin/../lib/gcc/arm-none-eabi/11.2.1/../../../../arm-none-eabi/lib/thumb/v7e-m/nofp/libg_nano.a(lib_a-strcmp.o)
                0x0000000008003310                strcmp
 .text._vsnprintf_r
                0x0000000008003324       0x56 /home/khanh/.local/xPacks/@xpack-dev-tools/arm-none-eabi-gcc/11.2.1-1.2.2/.content/bin/../lib/gcc/arm-none-eabi/11.2.1/../../../../arm-none-eabi/lib/thumb/v7e-m/nofp/libg_nano.a(lib_a-vsnprintf.o)
                0x0000000008003324                _vsnprintf_r
                0x0000000008003324                _vsniprintf_r
 *fill*         0x000000000800337a        0x2 
 .text.vsnprintf
                0x000000000800337c       0x1c /home/khanh/.local/xPacks/@xpack-dev-tools/arm-none-eabi-gcc/11.2.1-1.2.2/.content/bin/../lib/gcc/arm-none-eabi/11.2.1/../../../../arm-none-eabi/lib/thumb/v7e-m/nofp/libg_nano.a(lib_a-vsnprintf.o)
                0x000000000800337c                vsnprintf
                0x000000000800337c                vsniprintf
 .text.std      0x0000000008003398       0x48 /home/khanh/.local/xPacks/@xpack-dev-tools/arm-none-eabi-gcc/11.2.1-1.2.2/.content/bin/../lib/gcc/arm-none-eabi/11.2.1/../../../../arm-none-eabi/lib/thumb/v7e-m/nofp/libg_nano.a(lib_a-findfp.o)
 .text._cleanup_r
                0x00000000080033e0        0xc /home/khanh/.local/xPacks/@xpack-dev-tools/arm-none-eabi-gcc/11.2.1-1.2.2/.content/bin/../lib/gcc/arm-none-eabi/11.2.1/../../../../arm-none-eabi/lib/thumb/v7e-m/nofp/libg_nano.a(lib_a-findfp.o)
                0x00000000080033e0                _cleanup_r
 .text.__sfmoreglue
                0x00000000080033ec       0x2c /home/khanh/.local/xPacks/@xpack-dev-tools/arm-none-eabi-gcc/11.2.1-1.2.2/.content/bin/../lib/gcc/arm-none-eabi/11.2.1/../../../../arm-none-eabi/lib/thumb/v7e-m/nofp/libg_nano.a(lib_a-findfp.o)
                0x00000000080033ec                __sfmoreglue
 .text.__sinit  0x0000000008003418       0x60 /home/khanh/.local/xPacks/@xpack-dev-tools/arm-none-eabi-gcc/11.2.1-1.2.2/.content/bin/../lib/gcc/arm-none-eabi/11.2.1/../../../../arm-none-eabi/lib/thumb/v7e-m/nofp/libg_nano.a(lib_a-findfp.o)
                0x0000000008003418                __sinit
 .text.__sfp    0x0000000008003478       0x78 /home/khanh/.local/xPacks/@xpack-dev-tools/arm-none-eabi-gcc/11.2.1-1.2.2/.content/bin/../lib/gcc/arm-none-eabi/11.2.1/../../../../arm-none-eabi/lib/thumb/v7e-m/nofp/libg_nano.a(lib_a-findfp.o)
                0x0000000008003478                __sfp
 .text._fwalk_reent
                0x00000000080034f0       0x3e /home/khanh/.local/xPacks/@xpack-dev-tools/arm-none-eabi-gcc/11.2.1-1.2.2/.content/bin/../lib/gcc/arm-none-eabi/11.2.1/../../../../arm-none-eabi/lib/thumb/v7e-m/nofp/libg_nano.a(lib_a-fwalk.o)
                0x00000000080034f0                _fwalk_reent
 .text.__malloc_lock
                0x000000000800352e        0x2 /home/khanh/.local/xPacks/@xpack-dev-tools/arm-none-eabi-gcc/11.2.1-1.2.2/.content/bin/../lib/gcc/arm-none-eabi/11.2.1/../../../../arm-none-eabi/lib/thumb/v7e-m/nofp/libg_nano.a(lib_a-mlock.o)
                0x000000000800352e                __malloc_lock
 .text.__malloc_unlock
                0x0000000008003530        0x2 /home/khanh/.local/xPacks/@xpack-dev-tools/arm-none-eabi-gcc/11.2.1-1.2.2/.content/bin/../lib/gcc/arm-none-eabi/11.2.1/../../../../arm-none-eabi/lib/thumb/v7e-m/nofp/libg_nano.a(lib_a-mlock.o)
                0x0000000008003530                __malloc_unlock
 .text.__ssputs_r
                0x0000000008003532       0xb4 /home/khanh/.local/xPacks/@xpack-dev-tools/arm-none-eabi-gcc/11.2.1-1.2.2/.content/bin/../lib/gcc/arm-none-eabi/11.2.1/../../../../arm-none-eabi/lib/thumb/v7e-m/nofp/libg_nano.a(lib_a-nano-svfprintf.o)
                0x0000000008003532                __ssputs_r
 *fill*         0x00000000080035e6        0x2 
 .text._svfprintf_r
                0x00000000080035e8      0x1fc /home/khanh/.local/xPacks/@xpack-dev-tools/arm-none-eabi-gcc/11.2.1-1.2.2/.content/bin/../lib/gcc/arm-none-eabi/11.2.1/../../../../arm-none-eabi/lib/thumb/v7e-m/nofp/libg_nano.a(lib_a-nano-svfprintf.o)
                0x00000000080035e8                _svfprintf_r
                0x00000000080035e8                _svfiprintf_r
 .text._printf_common
                0x00000000080037e4       0xda /home/khanh/.local/xPacks/@xpack-dev-tools/arm-none-eabi-gcc/11.2.1-1.2.2/.content/bin/../lib/gcc/arm-none-eabi/11.2.1/../../../../arm-none-eabi/lib/thumb/v7e-m/nofp/libg_nano.a(lib_a-nano-vfprintf_i.o)
                0x00000000080037e4                _printf_common
 *fill*         0x00000000080038be        0x2 
 .text._printf_i
                0x00000000080038c0      0x244 /home/khanh/.local/xPacks/@xpack-dev-tools/arm-none-eabi-gcc/11.2.1-1.2.2/.content/bin/../lib/gcc/arm-none-eabi/11.2.1/../../../../arm-none-eabi/lib/thumb/v7e-m/nofp/libg_nano.a(lib_a-nano-vfprintf_i.o)
                0x00000000080038c0                _printf_i
 .text.__sfputc_r
                0x0000000008003b04       0x2a /home/khanh/.local/xPacks/@xpack-dev-tools/arm-none-eabi-gcc/11.2.1-1.2.2/.content/bin/../lib/gcc/arm-none-eabi/11.2.1/../../../../arm-none-eabi/lib/thumb/v7e-m/nofp/libg_nano.a(lib_a-nano-vfprintf.o)
 .text.__sfputs_r
                0x0000000008003b2e       0x24 /home/khanh/.local/xPacks/@xpack-dev-tools/arm-none-eabi-gcc/11.2.1-1.2.2/.content/bin/../lib/gcc/arm-none-eabi/11.2.1/../../../../arm-none-eabi/lib/thumb/v7e-m/nofp/libg_nano.a(lib_a-nano-vfprintf.o)
                0x0000000008003b2e                __sfputs_r
 *fill*         0x0000000008003b52        0x2 
 .text._vfprintf_r
                0x0000000008003b54      0x224 /home/khanh/.local/xPacks/@xpack-dev-tools/arm-none-eabi-gcc/11.2.1-1.2.2/.content/bin/../lib/gcc/arm-none-eabi/11.2.1/../../../../arm-none-eabi/lib/thumb/v7e-m/nofp/libg_nano.a(lib_a-nano-vfprintf.o)
                0x0000000008003b54                _vfiprintf_r
                0x0000000008003b54                _vfprintf_r
 .text.__sread  0x0000000008003d78       0x22 /home/khanh/.local/xPacks/@xpack-dev-tools/arm-none-eabi-gcc/11.2.1-1.2.2/.content/bin/../lib/gcc/arm-none-eabi/11.2.1/../../../../arm-none-eabi/lib/thumb/v7e-m/nofp/libg_nano.a(lib_a-stdio.o)
                0x0000000008003d78                __sread
 .text.__swrite
                0x0000000008003d9a       0x38 /home/khanh/.local/xPacks/@xpack-dev-tools/arm-none-eabi-gcc/11.2.1-1.2.2/.content/bin/../lib/gcc/arm-none-eabi/11.2.1/../../../../arm-none-eabi/lib/thumb/v7e-m/nofp/libg_nano.a(lib_a-stdio.o)
                0x0000000008003d9a                __swrite
 .text.__sseek  0x0000000008003dd2       0x24 /home/khanh/.local/xPacks/@xpack-dev-tools/arm-none-eabi-gcc/11.2.1-1.2.2/.content/bin/../lib/gcc/arm-none-eabi/11.2.1/../../../../arm-none-eabi/lib/thumb/v7e-m/nofp/libg_nano.a(lib_a-stdio.o)
                0x0000000008003dd2                __sseek
 .text.__sclose
                0x0000000008003df6        0x8 /home/khanh/.local/xPacks/@xpack-dev-tools/arm-none-eabi-gcc/11.2.1-1.2.2/.content/bin/../lib/gcc/arm-none-eabi/11.2.1/../../../../arm-none-eabi/lib/thumb/v7e-m/nofp/libg_nano.a(lib_a-stdio.o)
                0x0000000008003df6                __sclose
 *fill*         0x0000000008003dfe        0x2 
 .text.__swbuf_r
                0x0000000008003e00       0xa4 /home/khanh/.local/xPacks/@xpack-dev-tools/arm-none-eabi-gcc/11.2.1-1.2.2/.content/bin/../lib/gcc/arm-none-eabi/11.2.1/../../../../arm-none-eabi/lib/thumb/v7e-m/nofp/libg_nano.a(lib_a-wbuf.o)
                0x0000000008003e00                __swbuf_r
 .text._write_r
                0x0000000008003ea4       0x24 /home/khanh/.local/xPacks/@xpack-dev-tools/arm-none-eabi-gcc/11.2.1-1.2.2/.content/bin/../lib/gcc/arm-none-eabi/11.2.1/../../../../arm-none-eabi/lib/thumb/v7e-m/nofp/libg_nano.a(lib_a-writer.o)
                0x0000000008003ea4                _write_r
 .text.__swsetup_r
                0x0000000008003ec8       0xdc /home/khanh/.local/xPacks/@xpack-dev-tools/arm-none-eabi-gcc/11.2.1-1.2.2/.content/bin/../lib/gcc/arm-none-eabi/11.2.1/../../../../arm-none-eabi/lib/thumb/v7e-m/nofp/libg_nano.a(lib_a-wsetup.o)
                0x0000000008003ec8                __swsetup_r
 .text._close_r
                0x0000000008003fa4       0x20 /home/khanh/.local/xPacks/@xpack-dev-tools/arm-none-eabi-gcc/11.2.1-1.2.2/.content/bin/../lib/gcc/arm-none-eabi/11.2.1/../../../../arm-none-eabi/lib/thumb/v7e-m/nofp/libg_nano.a(lib_a-closer.o)
                0x0000000008003fa4                _close_r
 .text.__sflush_r
                0x0000000008003fc4      0x104 /home/khanh/.local/xPacks/@xpack-dev-tools/arm-none-eabi-gcc/11.2.1-1.2.2/.content/bin/../lib/gcc/arm-none-eabi/11.2.1/../../../../arm-none-eabi/lib/thumb/v7e-m/nofp/libg_nano.a(lib_a-fflush.o)
                0x0000000008003fc4                __sflush_r
 .text._fflush_r
                0x00000000080040c8       0x54 /home/khanh/.local/xPacks/@xpack-dev-tools/arm-none-eabi-gcc/11.2.1-1.2.2/.content/bin/../lib/gcc/arm-none-eabi/11.2.1/../../../../arm-none-eabi/lib/thumb/v7e-m/nofp/libg_nano.a(lib_a-fflush.o)
                0x00000000080040c8                _fflush_r
 .text._lseek_r
                0x000000000800411c       0x24 /home/khanh/.local/xPacks/@xpack-dev-tools/arm-none-eabi-gcc/11.2.1-1.2.2/.content/bin/../lib/gcc/arm-none-eabi/11.2.1/../../../../arm-none-eabi/lib/thumb/v7e-m/nofp/libg_nano.a(lib_a-lseekr.o)
                0x000000000800411c                _lseek_r
 .text.__swhatbuf_r
                0x0000000008004140       0x4c /home/khanh/.local/xPacks/@xpack-dev-tools/arm-none-eabi-gcc/11.2.1-1.2.2/.content/bin/../lib/gcc/arm-none-eabi/11.2.1/../../../../arm-none-eabi/lib/thumb/v7e-m/nofp/libg_nano.a(lib_a-makebuf.o)
                0x0000000008004140                __swhatbuf_r
 .text.__smakebuf_r
                0x000000000800418c       0x80 /home/khanh/.local/xPacks/@xpack-dev-tools/arm-none-eabi-gcc/11.2.1-1.2.2/.content/bin/../lib/gcc/arm-none-eabi/11.2.1/../../../../arm-none-eabi/lib/thumb/v7e-m/nofp/libg_nano.a(lib_a-makebuf.o)
                0x000000000800418c                __smakebuf_r
 *fill*         0x000000000800420c        0x4 
 .text          0x0000000008004210       0xa0 /home/khanh/.local/xPacks/@xpack-dev-tools/arm-none-eabi-gcc/11.2.1-1.2.2/.content/bin/../lib/gcc/arm-none-eabi/11.2.1/../../../../arm-none-eabi/lib/thumb/v7e-m/nofp/libg_nano.a(lib_a-memchr.o)
                0x0000000008004210                memchr
 .text.memmove  0x00000000080042b0       0x34 /home/khanh/.local/xPacks/@xpack-dev-tools/arm-none-eabi-gcc/11.2.1-1.2.2/.content/bin/../lib/gcc/arm-none-eabi/11.2.1/../../../../arm-none-eabi/lib/thumb/v7e-m/nofp/libg_nano.a(lib_a-memmove.o)
                0x00000000080042b0                memmove
 .text._realloc_r
                0x00000000080042e4       0x5e /home/khanh/.local/xPacks/@xpack-dev-tools/arm-none-eabi-gcc/11.2.1-1.2.2/.content/bin/../lib/gcc/arm-none-eabi/11.2.1/../../../../arm-none-eabi/lib/thumb/v7e-m/nofp/libg_nano.a(lib_a-nano-reallocr.o)
                0x00000000080042e4                _realloc_r
 *fill*         0x0000000008004342        0x2 
 .text._read_r  0x0000000008004344       0x24 /home/khanh/.local/xPacks/@xpack-dev-tools/arm-none-eabi-gcc/11.2.1-1.2.2/.content/bin/../lib/gcc/arm-none-eabi/11.2.1/../../../../arm-none-eabi/lib/thumb/v7e-m/nofp/libg_nano.a(lib_a-readr.o)
                0x0000000008004344                _read_r
 .text._fstat_r
                0x0000000008004368       0x24 /home/khanh/.local/xPacks/@xpack-dev-tools/arm-none-eabi-gcc/11.2.1-1.2.2/.content/bin/../lib/gcc/arm-none-eabi/11.2.1/../../../../arm-none-eabi/lib/thumb/v7e-m/nofp/libg_nano.a(lib_a-fstatr.o)
                0x0000000008004368                _fstat_r
 .text._isatty_r
                0x000000000800438c       0x20 /home/khanh/.local/xPacks/@xpack-dev-tools/arm-none-eabi-gcc/11.2.1-1.2.2/.content/bin/../lib/gcc/arm-none-eabi/11.2.1/../../../../arm-none-eabi/lib/thumb/v7e-m/nofp/libg_nano.a(lib_a-isattyr.o)
                0x000000000800438c                _isatty_r
 .text._malloc_usable_size_r
                0x00000000080043ac       0x10 /home/khanh/.local/xPacks/@xpack-dev-tools/arm-none-eabi-gcc/11.2.1-1.2.2/.content/bin/../lib/gcc/arm-none-eabi/11.2.1/../../../../arm-none-eabi/lib/thumb/v7e-m/nofp/libg_nano.a(lib_a-nano-msizer.o)
                0x00000000080043ac                _malloc_usable_size_r
 *(.rodata .rodata.* .constdata .constdata.*)
 .rodata.HAL_NVIC_SetPriorityGrouping.str1.4
                0x00000000080043bc       0x31 ./system/src/stm32f4-hal/stm32f4xx_hal_cortex.o
 *fill*         0x00000000080043ed        0x3 
 .rodata.HAL_GPIO_Init.str1.4
                0x00000000080043f0       0x2f ./system/src/stm32f4-hal/stm32f4xx_hal_gpio.o
 *fill*         0x000000000800441f        0x1 
 .rodata.HAL_RCC_OscConfig.str1.4
                0x0000000008004420       0x2e ./system/src/stm32f4-hal/stm32f4xx_hal_rcc.o
 *fill*         0x000000000800444e        0x2 
 .rodata.initialise_monitor_handles.str1.4
                0x0000000008004450        0x4 ./system/src/newlib/syscalls.o
 .rodata._trace_write_semihosting_stdout.str1.4
                0x0000000008004454        0x4 ./system/src/diag/trace-impl.o
 .rodata.dumpExceptionStack.str1.4
                0x0000000008004454      0x11a ./system/src/cortexm/exception-handlers.o
 .rodata.isSemihosting.str1.4
                0x000000000800456e        0x4 ./system/src/cortexm/exception-handlers.o
 *fill*         0x000000000800456e        0x2 
 .rodata.str1.4
                0x0000000008004570       0x2a ./system/src/cortexm/exception-handlers.o
 *fill*         0x000000000800459a        0x2 
 .rodata.AHBPrescTable
                0x000000000800459c       0x10 ./system/src/cmsis/system_stm32f4xx.o
                0x000000000800459c                AHBPrescTable
 .rodata.assert_failed.str1.4
                0x00000000080045ac       0x2d ./src/initialize-hardware.o
 *fill*         0x00000000080045d9        0x3 
 .rodata.main.str1.4
                0x00000000080045dc       0x1e ./src/main.o
 .rodata._ctype_
                0x00000000080045fa      0x101 /home/khanh/.local/xPacks/@xpack-dev-tools/arm-none-eabi-gcc/11.2.1-1.2.2/.content/bin/../lib/gcc/arm-none-eabi/11.2.1/../../../../arm-none-eabi/lib/thumb/v7e-m/nofp/libg_nano.a(lib_a-ctype_.o)
                0x00000000080045fa                _ctype_
 *fill*         0x00000000080046fb        0x1 
 .rodata._global_impure_ptr
                0x00000000080046fc        0x4 /home/khanh/.local/xPacks/@xpack-dev-tools/arm-none-eabi-gcc/11.2.1-1.2.2/.content/bin/../lib/gcc/arm-none-eabi/11.2.1/../../../../arm-none-eabi/lib/thumb/v7e-m/nofp/libg_nano.a(lib_a-impure.o)
                0x00000000080046fc                _global_impure_ptr
 .rodata.__sf_fake_stderr
                0x0000000008004700       0x20 /home/khanh/.local/xPacks/@xpack-dev-tools/arm-none-eabi-gcc/11.2.1-1.2.2/.content/bin/../lib/gcc/arm-none-eabi/11.2.1/../../../../arm-none-eabi/lib/thumb/v7e-m/nofp/libg_nano.a(lib_a-findfp.o)
                0x0000000008004700                __sf_fake_stderr
 .rodata.__sf_fake_stdin
                0x0000000008004720       0x20 /home/khanh/.local/xPacks/@xpack-dev-tools/arm-none-eabi-gcc/11.2.1-1.2.2/.content/bin/../lib/gcc/arm-none-eabi/11.2.1/../../../../arm-none-eabi/lib/thumb/v7e-m/nofp/libg_nano.a(lib_a-findfp.o)
                0x0000000008004720                __sf_fake_stdin
 .rodata.__sf_fake_stdout
                0x0000000008004740       0x20 /home/khanh/.local/xPacks/@xpack-dev-tools/arm-none-eabi-gcc/11.2.1-1.2.2/.content/bin/../lib/gcc/arm-none-eabi/11.2.1/../../../../arm-none-eabi/lib/thumb/v7e-m/nofp/libg_nano.a(lib_a-findfp.o)
                0x0000000008004740                __sf_fake_stdout
 .rodata._svfprintf_r.str1.1
                0x0000000008004760       0x11 /home/khanh/.local/xPacks/@xpack-dev-tools/arm-none-eabi-gcc/11.2.1-1.2.2/.content/bin/../lib/gcc/arm-none-eabi/11.2.1/../../../../arm-none-eabi/lib/thumb/v7e-m/nofp/libg_nano.a(lib_a-nano-svfprintf.o)
 .rodata._printf_i.str1.1
                0x0000000008004771       0x22 /home/khanh/.local/xPacks/@xpack-dev-tools/arm-none-eabi-gcc/11.2.1-1.2.2/.content/bin/../lib/gcc/arm-none-eabi/11.2.1/../../../../arm-none-eabi/lib/thumb/v7e-m/nofp/libg_nano.a(lib_a-nano-vfprintf_i.o)
 .rodata._vfprintf_r.str1.1
                0x0000000008004793       0x11 /home/khanh/.local/xPacks/@xpack-dev-tools/arm-none-eabi-gcc/11.2.1-1.2.2/.content/bin/../lib/gcc/arm-none-eabi/11.2.1/../../../../arm-none-eabi/lib/thumb/v7e-m/nofp/libg_nano.a(lib_a-nano-vfprintf.o)
 *(vtable)
 *(.eh_frame*)
 *(.glue_7)
 .glue_7        0x0000000008004793        0x0 linker stubs
 *(.glue_7t)
 .glue_7t       0x0000000008004793        0x0 linker stubs

.vfp11_veneer   0x0000000008004794        0x0
 .vfp11_veneer  0x0000000008004794        0x0 linker stubs

.v4_bx          0x0000000008004794        0x0
 .v4_bx         0x0000000008004794        0x0 linker stubs

.iplt           0x0000000008004794        0x0
 .iplt          0x0000000008004794        0x0 ./system/src/stm32f4-hal/stm32f4xx_hal.o

.ARM.extab
 *(.ARM.extab* .gnu.linkonce.armextab.*)
                0x0000000008004794                . = ALIGN (0x4)
                0x0000000008004794                __exidx_start = .

.ARM.exidx      0x0000000008004794        0x8
 *(.ARM.exidx* .gnu.linkonce.armexidx.*)
 .ARM.exidx.text.__udivmoddi4
                0x0000000008004794        0x8 /home/khanh/.local/xPacks/@xpack-dev-tools/arm-none-eabi-gcc/11.2.1-1.2.2/.content/bin/../lib/gcc/arm-none-eabi/11.2.1/thumb/v7e-m/nofp/libgcc.a(_udivmoddi4.o)
                0x000000000800479c                __exidx_end = .

.rel.dyn        0x000000000800479c        0x0
 .rel.iplt      0x000000000800479c        0x0 ./system/src/stm32f4-hal/stm32f4xx_hal.o
                0x000000000800479c                . = ALIGN (0x4)
                0x000000000800479c                _etext = .
                0x000000000800479c                __etext = .

.data_CCMRAM    0x0000000010000000        0x0 load address 0x000000000800479c
 FILL mask 0xff
 *(.data.CCMRAM .data.CCMRAM.*)
                0x0000000010000000                . = ALIGN (0x4)
                0x000000000800479c                _sidata = LOADADDR (.data)

.data           0x0000000020000000       0x78 load address 0x000000000800479c
 FILL mask 0xff
                0x0000000020000000                _sdata = .
                0x0000000020000000                __data_start__ = .
 *(.data_begin .data_begin.*)
 .data_begin    0x0000000020000000        0x4 ./system/src/newlib/startup.o
 *(.data .data.*)
 .data.uwTickFreq
                0x0000000020000004        0x1 ./system/src/stm32f4-hal/stm32f4xx_hal.o
                0x0000000020000004                uwTickFreq
 *fill*         0x0000000020000005        0x3 ff
 .data.uwTickPrio
                0x0000000020000008        0x4 ./system/src/stm32f4-hal/stm32f4xx_hal.o
                0x0000000020000008                uwTickPrio
 .data.SystemCoreClock
                0x000000002000000c        0x4 ./system/src/cmsis/system_stm32f4xx.o
                0x000000002000000c                SystemCoreClock
 .data._impure_ptr
                0x0000000020000010        0x4 /home/khanh/.local/xPacks/@xpack-dev-tools/arm-none-eabi-gcc/11.2.1-1.2.2/.content/bin/../lib/gcc/arm-none-eabi/11.2.1/../../../../arm-none-eabi/lib/thumb/v7e-m/nofp/libg_nano.a(lib_a-impure.o)
                0x0000000020000010                _impure_ptr
 .data.impure_data
                0x0000000020000014       0x60 /home/khanh/.local/xPacks/@xpack-dev-tools/arm-none-eabi-gcc/11.2.1-1.2.2/.content/bin/../lib/gcc/arm-none-eabi/11.2.1/../../../../arm-none-eabi/lib/thumb/v7e-m/nofp/libg_nano.a(lib_a-impure.o)
 *(.data_end .data_end.*)
 .data_end      0x0000000020000074        0x4 ./system/src/newlib/startup.o
                0x0000000020000078                . = ALIGN (0x4)
                0x0000000020000078                _edata = .
                0x0000000020000078                __data_end__ = .

.igot.plt       0x0000000020000078        0x0 load address 0x0000000008004814
 .igot.plt      0x0000000020000078        0x0 ./system/src/stm32f4-hal/stm32f4xx_hal.o

.bss_CCMRAM     0x0000000010000000        0x0
 *(.bss.CCMRAM .bss.CCMRAM.*)

.bss            0x0000000020000078      0x278
                0x0000000020000078                __bss_start__ = .
                0x0000000020000078                _sbss = .
 *(.bss_begin .bss_begin.*)
 .bss_begin     0x0000000020000078        0x4 ./system/src/newlib/startup.o
 *(.bss .bss.*)
 .bss.uwTick    0x000000002000007c        0x4 ./system/src/stm32f4-hal/stm32f4xx_hal.o
                0x000000002000007c                uwTick
 .bss.current_heap_end.0
                0x0000000020000080        0x4 ./system/src/newlib/sbrk.o
 .bss.args_buf.1
                0x0000000020000084       0x50 ./system/src/newlib/syscalls.o
 .bss.argv_buf.0
                0x00000000200000d4       0x28 ./system/src/newlib/syscalls.o
 .bss.errno     0x00000000200000fc        0x4 ./system/src/newlib/syscalls.o
                0x00000000200000fc                errno
 .bss.monitor_stderr
                0x0000000020000100        0x4 ./system/src/newlib/syscalls.o
 .bss.monitor_stdin
                0x0000000020000104        0x4 ./system/src/newlib/syscalls.o
 .bss.monitor_stdout
                0x0000000020000108        0x4 ./system/src/newlib/syscalls.o
 .bss.openfiles
                0x000000002000010c       0xa0 ./system/src/newlib/syscalls.o
 .bss.handle.0  0x00000000200001ac        0x4 ./system/src/diag/trace-impl.o
 .bss.buf.0     0x00000000200001b0       0x80 ./system/src/diag/trace.o
 .bss.comp_data
                0x0000000020000230        0xc ./src/main.o
                0x0000000020000230                comp_data
 .bss.dev       0x000000002000023c       0x40 ./src/main.o
                0x000000002000023c                dev
 .bss.hi2c1     0x000000002000027c       0x54 ./src/main.o
                0x000000002000027c                hi2c1
 .bss.humidity  0x00000000200002d0        0x4 ./src/main.o
                0x00000000200002d0                humidity
 .bss.pressure  0x00000000200002d4        0x4 ./src/main.o
                0x00000000200002d4                pressure
 .bss.rslt      0x00000000200002d8        0x1 ./src/main.o
                0x00000000200002d8                rslt
 *fill*         0x00000000200002d9        0x3 
 .bss.temperature
                0x00000000200002dc        0x4 ./src/main.o
                0x00000000200002dc                temperature
 .bss.timer_delayCount
                0x00000000200002e0        0x4 ./src/timer.o
                0x00000000200002e0                timer_delayCount
 .bss.__malloc_free_list
                0x00000000200002e4        0x4 /home/khanh/.local/xPacks/@xpack-dev-tools/arm-none-eabi-gcc/11.2.1-1.2.2/.content/bin/../lib/gcc/arm-none-eabi/11.2.1/../../../../arm-none-eabi/lib/thumb/v7e-m/nofp/libg_nano.a(lib_a-nano-mallocr.o)
                0x00000000200002e4                __malloc_free_list
 .bss.__malloc_sbrk_start
                0x00000000200002e8        0x4 /home/khanh/.local/xPacks/@xpack-dev-tools/arm-none-eabi-gcc/11.2.1-1.2.2/.content/bin/../lib/gcc/arm-none-eabi/11.2.1/../../../../arm-none-eabi/lib/thumb/v7e-m/nofp/libg_nano.a(lib_a-nano-mallocr.o)
                0x00000000200002e8                __malloc_sbrk_start
 *(COMMON)
 *(.bss_end .bss_end.*)
 .bss_end       0x00000000200002ec        0x4 ./system/src/newlib/startup.o
                0x00000000200002f0                . = ALIGN (0x4)
                0x00000000200002f0                __bss_end__ = .
                0x00000000200002f0                _ebss = .

.noinit_CCMRAM
 *(.noinit.CCMRAM .noinit.CCMRAM.*)

.noinit         0x00000000200002f0        0x0
                0x00000000200002f0                _noinit = .
 *(.noinit .noinit.*)
                0x00000000200002f0                . = ALIGN (0x4)
                0x00000000200002f0                _end_noinit = .
                [!provide]                        PROVIDE (end = _end_noinit)
                [!provide]                        PROVIDE (_end = _end_noinit)
                [!provide]                        PROVIDE (__end = _end_noinit)
                [!provide]                        PROVIDE (__end__ = _end_noinit)

._check_stack   0x00000000200002f0      0x100
                0x00000000200003f0                . = (. + _Minimum_Stack_Size)
 *fill*         0x00000000200002f0      0x100 

.b1text
 *(.b1text)
 *(.b1rodata)
 *(.b1rodata.*)

.eb0text
 *(.eb0text)
 *(.eb0rodata)
 *(.eb0rodata.*)

.eb1text
 *(.eb1text)
 *(.eb1rodata)
 *(.eb1rodata.*)

.eb2text
 *(.eb2text)
 *(.eb2rodata)
 *(.eb2rodata.*)

.eb3text
 *(.eb3text)
 *(.eb3rodata)
 *(.eb3rodata.*)

.stab
 *(.stab)

.stabstr
 *(.stabstr)

.stab.excl
 *(.stab.excl)

.stab.exclstr
 *(.stab.exclstr)

.stab.index
 *(.stab.index)

.stab.indexstr
 *(.stab.indexstr)

.comment        0x0000000000000000       0x39
 *(.comment)
 .comment       0x0000000000000000       0x39 ./system/src/stm32f4-hal/stm32f4xx_hal.o
                                         0x3a (size before relaxing)
 .comment       0x0000000000000039       0x3a ./system/src/stm32f4-hal/stm32f4xx_hal_cortex.o
 .comment       0x0000000000000039       0x3a ./system/src/stm32f4-hal/stm32f4xx_hal_gpio.o
 .comment       0x0000000000000039       0x3a ./system/src/stm32f4-hal/stm32f4xx_hal_rcc.o
 .comment       0x0000000000000039       0x3a ./system/src/newlib/sbrk.o
 .comment       0x0000000000000039       0x3a ./system/src/newlib/startup.o
 .comment       0x0000000000000039       0x3a ./system/src/newlib/syscalls.o
 .comment       0x0000000000000039       0x3a ./system/src/diag/trace-impl.o
 .comment       0x0000000000000039       0x3a ./system/src/diag/trace.o
 .comment       0x0000000000000039       0x3a ./system/src/cortexm/exception-handlers.o
 .comment       0x0000000000000039       0x3a ./system/src/cortexm/initialize-hardware.o
 .comment       0x0000000000000039       0x3a ./system/src/cmsis/system_stm32f4xx.o
 .comment       0x0000000000000039       0x3a ./system/src/cmsis/vectors_stm32f410cx.o
 .comment       0x0000000000000039       0x3a ./src/stm32_bme280/bme280.o
 .comment       0x0000000000000039       0x3a ./src/initialize-hardware.o
 .comment       0x0000000000000039       0x3a ./src/led.o
 .comment       0x0000000000000039       0x3a ./src/main.o
 .comment       0x0000000000000039       0x3a ./src/stm32f4xx_hal_msp.o
 .comment       0x0000000000000039       0x3a ./src/timer.o
 .comment       0x0000000000000039       0x3a /home/khanh/.local/xPacks/@xpack-dev-tools/arm-none-eabi-gcc/11.2.1-1.2.2/.content/bin/../lib/gcc/arm-none-eabi/11.2.1/thumb/v7e-m/nofp/libgcc.a(_udivmoddi4.o)
 .comment       0x0000000000000039       0x3a /home/khanh/.local/xPacks/@xpack-dev-tools/arm-none-eabi-gcc/11.2.1-1.2.2/.content/bin/../lib/gcc/arm-none-eabi/11.2.1/../../../../arm-none-eabi/lib/thumb/v7e-m/nofp/libg_nano.a(lib_a-ctype_.o)
 .comment       0x0000000000000039       0x3a /home/khanh/.local/xPacks/@xpack-dev-tools/arm-none-eabi-gcc/11.2.1-1.2.2/.content/bin/../lib/gcc/arm-none-eabi/11.2.1/../../../../arm-none-eabi/lib/thumb/v7e-m/nofp/libg_nano.a(lib_a-errno.o)
 .comment       0x0000000000000039       0x3a /home/khanh/.local/xPacks/@xpack-dev-tools/arm-none-eabi-gcc/11.2.1-1.2.2/.content/bin/../lib/gcc/arm-none-eabi/11.2.1/../../../../arm-none-eabi/lib/thumb/v7e-m/nofp/libg_nano.a(lib_a-impure.o)
 .comment       0x0000000000000039       0x3a /home/khanh/.local/xPacks/@xpack-dev-tools/arm-none-eabi-gcc/11.2.1-1.2.2/.content/bin/../lib/gcc/arm-none-eabi/11.2.1/../../../../arm-none-eabi/lib/thumb/v7e-m/nofp/libg_nano.a(lib_a-malloc.o)
 .comment       0x0000000000000039       0x3a /home/khanh/.local/xPacks/@xpack-dev-tools/arm-none-eabi-gcc/11.2.1-1.2.2/.content/bin/../lib/gcc/arm-none-eabi/11.2.1/../../../../arm-none-eabi/lib/thumb/v7e-m/nofp/libg_nano.a(lib_a-memcpy-stub.o)
 .comment       0x0000000000000039       0x3a /home/khanh/.local/xPacks/@xpack-dev-tools/arm-none-eabi-gcc/11.2.1-1.2.2/.content/bin/../lib/gcc/arm-none-eabi/11.2.1/../../../../arm-none-eabi/lib/thumb/v7e-m/nofp/libg_nano.a(lib_a-memset.o)
 .comment       0x0000000000000039       0x3a /home/khanh/.local/xPacks/@xpack-dev-tools/arm-none-eabi-gcc/11.2.1-1.2.2/.content/bin/../lib/gcc/arm-none-eabi/11.2.1/../../../../arm-none-eabi/lib/thumb/v7e-m/nofp/libg_nano.a(lib_a-nano-freer.o)
 .comment       0x0000000000000039       0x3a /home/khanh/.local/xPacks/@xpack-dev-tools/arm-none-eabi-gcc/11.2.1-1.2.2/.content/bin/../lib/gcc/arm-none-eabi/11.2.1/../../../../arm-none-eabi/lib/thumb/v7e-m/nofp/libg_nano.a(lib_a-nano-mallocr.o)
 .comment       0x0000000000000039       0x3a /home/khanh/.local/xPacks/@xpack-dev-tools/arm-none-eabi-gcc/11.2.1-1.2.2/.content/bin/../lib/gcc/arm-none-eabi/11.2.1/../../../../arm-none-eabi/lib/thumb/v7e-m/nofp/libg_nano.a(lib_a-printf.o)
 .comment       0x0000000000000039       0x3a /home/khanh/.local/xPacks/@xpack-dev-tools/arm-none-eabi-gcc/11.2.1-1.2.2/.content/bin/../lib/gcc/arm-none-eabi/11.2.1/../../../../arm-none-eabi/lib/thumb/v7e-m/nofp/libg_nano.a(lib_a-sbrkr.o)
 .comment       0x0000000000000039       0x3a /home/khanh/.local/xPacks/@xpack-dev-tools/arm-none-eabi-gcc/11.2.1-1.2.2/.content/bin/../lib/gcc/arm-none-eabi/11.2.1/../../../../arm-none-eabi/lib/thumb/v7e-m/nofp/libg_nano.a(lib_a-vsnprintf.o)
 .comment       0x0000000000000039       0x3a /home/khanh/.local/xPacks/@xpack-dev-tools/arm-none-eabi-gcc/11.2.1-1.2.2/.content/bin/../lib/gcc/arm-none-eabi/11.2.1/../../../../arm-none-eabi/lib/thumb/v7e-m/nofp/libg_nano.a(lib_a-findfp.o)
 .comment       0x0000000000000039       0x3a /home/khanh/.local/xPacks/@xpack-dev-tools/arm-none-eabi-gcc/11.2.1-1.2.2/.content/bin/../lib/gcc/arm-none-eabi/11.2.1/../../../../arm-none-eabi/lib/thumb/v7e-m/nofp/libg_nano.a(lib_a-fwalk.o)
 .comment       0x0000000000000039       0x3a /home/khanh/.local/xPacks/@xpack-dev-tools/arm-none-eabi-gcc/11.2.1-1.2.2/.content/bin/../lib/gcc/arm-none-eabi/11.2.1/../../../../arm-none-eabi/lib/thumb/v7e-m/nofp/libg_nano.a(lib_a-mlock.o)
 .comment       0x0000000000000039       0x3a /home/khanh/.local/xPacks/@xpack-dev-tools/arm-none-eabi-gcc/11.2.1-1.2.2/.content/bin/../lib/gcc/arm-none-eabi/11.2.1/../../../../arm-none-eabi/lib/thumb/v7e-m/nofp/libg_nano.a(lib_a-nano-svfprintf.o)
 .comment       0x0000000000000039       0x3a /home/khanh/.local/xPacks/@xpack-dev-tools/arm-none-eabi-gcc/11.2.1-1.2.2/.content/bin/../lib/gcc/arm-none-eabi/11.2.1/../../../../arm-none-eabi/lib/thumb/v7e-m/nofp/libg_nano.a(lib_a-nano-vfprintf_i.o)
 .comment       0x0000000000000039       0x3a /home/khanh/.local/xPacks/@xpack-dev-tools/arm-none-eabi-gcc/11.2.1-1.2.2/.content/bin/../lib/gcc/arm-none-eabi/11.2.1/../../../../arm-none-eabi/lib/thumb/v7e-m/nofp/libg_nano.a(lib_a-nano-vfprintf.o)
 .comment       0x0000000000000039       0x3a /home/khanh/.local/xPacks/@xpack-dev-tools/arm-none-eabi-gcc/11.2.1-1.2.2/.content/bin/../lib/gcc/arm-none-eabi/11.2.1/../../../../arm-none-eabi/lib/thumb/v7e-m/nofp/libg_nano.a(lib_a-stdio.o)
 .comment       0x0000000000000039       0x3a /home/khanh/.local/xPacks/@xpack-dev-tools/arm-none-eabi-gcc/11.2.1-1.2.2/.content/bin/../lib/gcc/arm-none-eabi/11.2.1/../../../../arm-none-eabi/lib/thumb/v7e-m/nofp/libg_nano.a(lib_a-wbuf.o)
 .comment       0x0000000000000039       0x3a /home/khanh/.local/xPacks/@xpack-dev-tools/arm-none-eabi-gcc/11.2.1-1.2.2/.content/bin/../lib/gcc/arm-none-eabi/11.2.1/../../../../arm-none-eabi/lib/thumb/v7e-m/nofp/libg_nano.a(lib_a-writer.o)
 .comment       0x0000000000000039       0x3a /home/khanh/.local/xPacks/@xpack-dev-tools/arm-none-eabi-gcc/11.2.1-1.2.2/.content/bin/../lib/gcc/arm-none-eabi/11.2.1/../../../../arm-none-eabi/lib/thumb/v7e-m/nofp/libg_nano.a(lib_a-wsetup.o)
 .comment       0x0000000000000039       0x3a /home/khanh/.local/xPacks/@xpack-dev-tools/arm-none-eabi-gcc/11.2.1-1.2.2/.content/bin/../lib/gcc/arm-none-eabi/11.2.1/../../../../arm-none-eabi/lib/thumb/v7e-m/nofp/libg_nano.a(lib_a-closer.o)
 .comment       0x0000000000000039       0x3a /home/khanh/.local/xPacks/@xpack-dev-tools/arm-none-eabi-gcc/11.2.1-1.2.2/.content/bin/../lib/gcc/arm-none-eabi/11.2.1/../../../../arm-none-eabi/lib/thumb/v7e-m/nofp/libg_nano.a(lib_a-fflush.o)
 .comment       0x0000000000000039       0x3a /home/khanh/.local/xPacks/@xpack-dev-tools/arm-none-eabi-gcc/11.2.1-1.2.2/.content/bin/../lib/gcc/arm-none-eabi/11.2.1/../../../../arm-none-eabi/lib/thumb/v7e-m/nofp/libg_nano.a(lib_a-lseekr.o)
 .comment       0x0000000000000039       0x3a /home/khanh/.local/xPacks/@xpack-dev-tools/arm-none-eabi-gcc/11.2.1-1.2.2/.content/bin/../lib/gcc/arm-none-eabi/11.2.1/../../../../arm-none-eabi/lib/thumb/v7e-m/nofp/libg_nano.a(lib_a-makebuf.o)
 .comment       0x0000000000000039       0x3a /home/khanh/.local/xPacks/@xpack-dev-tools/arm-none-eabi-gcc/11.2.1-1.2.2/.content/bin/../lib/gcc/arm-none-eabi/11.2.1/../../../../arm-none-eabi/lib/thumb/v7e-m/nofp/libg_nano.a(lib_a-memmove.o)
 .comment       0x0000000000000039       0x3a /home/khanh/.local/xPacks/@xpack-dev-tools/arm-none-eabi-gcc/11.2.1-1.2.2/.content/bin/../lib/gcc/arm-none-eabi/11.2.1/../../../../arm-none-eabi/lib/thumb/v7e-m/nofp/libg_nano.a(lib_a-nano-reallocr.o)
 .comment       0x0000000000000039       0x3a /home/khanh/.local/xPacks/@xpack-dev-tools/arm-none-eabi-gcc/11.2.1-1.2.2/.content/bin/../lib/gcc/arm-none-eabi/11.2.1/../../../../arm-none-eabi/lib/thumb/v7e-m/nofp/libg_nano.a(lib_a-readr.o)
 .comment       0x0000000000000039       0x3a /home/khanh/.local/xPacks/@xpack-dev-tools/arm-none-eabi-gcc/11.2.1-1.2.2/.content/bin/../lib/gcc/arm-none-eabi/11.2.1/../../../../arm-none-eabi/lib/thumb/v7e-m/nofp/libg_nano.a(lib_a-fstatr.o)
 .comment       0x0000000000000039       0x3a /home/khanh/.local/xPacks/@xpack-dev-tools/arm-none-eabi-gcc/11.2.1-1.2.2/.content/bin/../lib/gcc/arm-none-eabi/11.2.1/../../../../arm-none-eabi/lib/thumb/v7e-m/nofp/libg_nano.a(lib_a-isattyr.o)
 .comment       0x0000000000000039       0x3a /home/khanh/.local/xPacks/@xpack-dev-tools/arm-none-eabi-gcc/11.2.1-1.2.2/.content/bin/../lib/gcc/arm-none-eabi/11.2.1/../../../../arm-none-eabi/lib/thumb/v7e-m/nofp/libg_nano.a(lib_a-nano-msizer.o)

.ARM.attributes
                0x0000000000000000       0x2c
 .ARM.attributes
                0x0000000000000000       0x2e ./system/src/stm32f4-hal/stm32f4xx_hal.o
 .ARM.attributes
                0x000000000000002e       0x2e ./system/src/stm32f4-hal/stm32f4xx_hal_cortex.o
 .ARM.attributes
                0x000000000000005c       0x2e ./system/src/stm32f4-hal/stm32f4xx_hal_gpio.o
 .ARM.attributes
                0x000000000000008a       0x2e ./system/src/stm32f4-hal/stm32f4xx_hal_rcc.o
 .ARM.attributes
                0x00000000000000b8       0x2e ./system/src/newlib/sbrk.o
 .ARM.attributes
                0x00000000000000e6       0x2e ./system/src/newlib/startup.o
 .ARM.attributes
                0x0000000000000114       0x2e ./system/src/newlib/syscalls.o
 .ARM.attributes
                0x0000000000000142       0x2e ./system/src/diag/trace-impl.o
 .ARM.attributes
                0x0000000000000170       0x2e ./system/src/diag/trace.o
 .ARM.attributes
                0x000000000000019e       0x2e ./system/src/cortexm/exception-handlers.o
 .ARM.attributes
                0x00000000000001cc       0x2e ./system/src/cortexm/initialize-hardware.o
 .ARM.attributes
                0x00000000000001fa       0x2e ./system/src/cmsis/system_stm32f4xx.o
 .ARM.attributes
                0x0000000000000228       0x2e ./system/src/cmsis/vectors_stm32f410cx.o
 .ARM.attributes
                0x0000000000000256       0x2e ./src/stm32_bme280/bme280.o
 .ARM.attributes
                0x0000000000000284       0x2e ./src/initialize-hardware.o
 .ARM.attributes
                0x00000000000002b2       0x2e ./src/led.o
 .ARM.attributes
                0x00000000000002e0       0x2e ./src/main.o
 .ARM.attributes
                0x000000000000030e       0x2e ./src/stm32f4xx_hal_msp.o
 .ARM.attributes
                0x000000000000033c       0x2e ./src/timer.o
 .ARM.attributes
                0x000000000000036a       0x1e /home/khanh/.local/xPacks/@xpack-dev-tools/arm-none-eabi-gcc/11.2.1-1.2.2/.content/bin/../lib/gcc/arm-none-eabi/11.2.1/thumb/v7e-m/nofp/libgcc.a(_arm_addsubdf3.o)
 .ARM.attributes
                0x0000000000000388       0x1e /home/khanh/.local/xPacks/@xpack-dev-tools/arm-none-eabi-gcc/11.2.1-1.2.2/.content/bin/../lib/gcc/arm-none-eabi/11.2.1/thumb/v7e-m/nofp/libgcc.a(_arm_muldivdf3.o)
 .ARM.attributes
                0x00000000000003a6       0x1e /home/khanh/.local/xPacks/@xpack-dev-tools/arm-none-eabi-gcc/11.2.1-1.2.2/.content/bin/../lib/gcc/arm-none-eabi/11.2.1/thumb/v7e-m/nofp/libgcc.a(_arm_truncdfsf2.o)
 .ARM.attributes
                0x00000000000003c4       0x1e /home/khanh/.local/xPacks/@xpack-dev-tools/arm-none-eabi-gcc/11.2.1-1.2.2/.content/bin/../lib/gcc/arm-none-eabi/11.2.1/thumb/v7e-m/nofp/libgcc.a(_arm_cmpsf2.o)
 .ARM.attributes
                0x00000000000003e2       0x1e /home/khanh/.local/xPacks/@xpack-dev-tools/arm-none-eabi-gcc/11.2.1-1.2.2/.content/bin/../lib/gcc/arm-none-eabi/11.2.1/thumb/v7e-m/nofp/libgcc.a(_aeabi_ldivmod.o)
 .ARM.attributes
                0x0000000000000400       0x1e /home/khanh/.local/xPacks/@xpack-dev-tools/arm-none-eabi-gcc/11.2.1-1.2.2/.content/bin/../lib/gcc/arm-none-eabi/11.2.1/thumb/v7e-m/nofp/libgcc.a(_aeabi_uldivmod.o)
 .ARM.attributes
                0x000000000000041e       0x2e /home/khanh/.local/xPacks/@xpack-dev-tools/arm-none-eabi-gcc/11.2.1-1.2.2/.content/bin/../lib/gcc/arm-none-eabi/11.2.1/thumb/v7e-m/nofp/libgcc.a(_udivmoddi4.o)
 .ARM.attributes
                0x000000000000044c       0x1e /home/khanh/.local/xPacks/@xpack-dev-tools/arm-none-eabi-gcc/11.2.1-1.2.2/.content/bin/../lib/gcc/arm-none-eabi/11.2.1/thumb/v7e-m/nofp/libgcc.a(_dvmd_tls.o)
 .ARM.attributes
                0x000000000000046a       0x2e /home/khanh/.local/xPacks/@xpack-dev-tools/arm-none-eabi-gcc/11.2.1-1.2.2/.content/bin/../lib/gcc/arm-none-eabi/11.2.1/../../../../arm-none-eabi/lib/thumb/v7e-m/nofp/libg_nano.a(lib_a-ctype_.o)
 .ARM.attributes
                0x0000000000000498       0x2e /home/khanh/.local/xPacks/@xpack-dev-tools/arm-none-eabi-gcc/11.2.1-1.2.2/.content/bin/../lib/gcc/arm-none-eabi/11.2.1/../../../../arm-none-eabi/lib/thumb/v7e-m/nofp/libg_nano.a(lib_a-errno.o)
 .ARM.attributes
                0x00000000000004c6       0x2e /home/khanh/.local/xPacks/@xpack-dev-tools/arm-none-eabi-gcc/11.2.1-1.2.2/.content/bin/../lib/gcc/arm-none-eabi/11.2.1/../../../../arm-none-eabi/lib/thumb/v7e-m/nofp/libg_nano.a(lib_a-impure.o)
 .ARM.attributes
                0x00000000000004f4       0x2e /home/khanh/.local/xPacks/@xpack-dev-tools/arm-none-eabi-gcc/11.2.1-1.2.2/.content/bin/../lib/gcc/arm-none-eabi/11.2.1/../../../../arm-none-eabi/lib/thumb/v7e-m/nofp/libg_nano.a(lib_a-malloc.o)
 .ARM.attributes
                0x0000000000000522       0x2e /home/khanh/.local/xPacks/@xpack-dev-tools/arm-none-eabi-gcc/11.2.1-1.2.2/.content/bin/../lib/gcc/arm-none-eabi/11.2.1/../../../../arm-none-eabi/lib/thumb/v7e-m/nofp/libg_nano.a(lib_a-memcpy-stub.o)
 .ARM.attributes
                0x0000000000000550       0x2e /home/khanh/.local/xPacks/@xpack-dev-tools/arm-none-eabi-gcc/11.2.1-1.2.2/.content/bin/../lib/gcc/arm-none-eabi/11.2.1/../../../../arm-none-eabi/lib/thumb/v7e-m/nofp/libg_nano.a(lib_a-memset.o)
 .ARM.attributes
                0x000000000000057e       0x2e /home/khanh/.local/xPacks/@xpack-dev-tools/arm-none-eabi-gcc/11.2.1-1.2.2/.content/bin/../lib/gcc/arm-none-eabi/11.2.1/../../../../arm-none-eabi/lib/thumb/v7e-m/nofp/libg_nano.a(lib_a-nano-freer.o)
 .ARM.attributes
                0x00000000000005ac       0x2e /home/khanh/.local/xPacks/@xpack-dev-tools/arm-none-eabi-gcc/11.2.1-1.2.2/.content/bin/../lib/gcc/arm-none-eabi/11.2.1/../../../../arm-none-eabi/lib/thumb/v7e-m/nofp/libg_nano.a(lib_a-nano-mallocr.o)
 .ARM.attributes
                0x00000000000005da       0x2e /home/khanh/.local/xPacks/@xpack-dev-tools/arm-none-eabi-gcc/11.2.1-1.2.2/.content/bin/../lib/gcc/arm-none-eabi/11.2.1/../../../../arm-none-eabi/lib/thumb/v7e-m/nofp/libg_nano.a(lib_a-printf.o)
 .ARM.attributes
                0x0000000000000608       0x2e /home/khanh/.local/xPacks/@xpack-dev-tools/arm-none-eabi-gcc/11.2.1-1.2.2/.content/bin/../lib/gcc/arm-none-eabi/11.2.1/../../../../arm-none-eabi/lib/thumb/v7e-m/nofp/libg_nano.a(lib_a-sbrkr.o)
 .ARM.attributes
                0x0000000000000636       0x1c /home/khanh/.local/xPacks/@xpack-dev-tools/arm-none-eabi-gcc/11.2.1-1.2.2/.content/bin/../lib/gcc/arm-none-eabi/11.2.1/../../../../arm-none-eabi/lib/thumb/v7e-m/nofp/libg_nano.a(lib_a-strcmp.o)
 .ARM.attributes
                0x0000000000000652       0x2e /home/khanh/.local/xPacks/@xpack-dev-tools/arm-none-eabi-gcc/11.2.1-1.2.2/.content/bin/../lib/gcc/arm-none-eabi/11.2.1/../../../../arm-none-eabi/lib/thumb/v7e-m/nofp/libg_nano.a(lib_a-vsnprintf.o)
 .ARM.attributes
                0x0000000000000680       0x2e /home/khanh/.local/xPacks/@xpack-dev-tools/arm-none-eabi-gcc/11.2.1-1.2.2/.content/bin/../lib/gcc/arm-none-eabi/11.2.1/../../../../arm-none-eabi/lib/thumb/v7e-m/nofp/libg_nano.a(lib_a-findfp.o)
 .ARM.attributes
                0x00000000000006ae       0x2e /home/khanh/.local/xPacks/@xpack-dev-tools/arm-none-eabi-gcc/11.2.1-1.2.2/.content/bin/../lib/gcc/arm-none-eabi/11.2.1/../../../../arm-none-eabi/lib/thumb/v7e-m/nofp/libg_nano.a(lib_a-fwalk.o)
 .ARM.attributes
                0x00000000000006dc       0x2e /home/khanh/.local/xPacks/@xpack-dev-tools/arm-none-eabi-gcc/11.2.1-1.2.2/.content/bin/../lib/gcc/arm-none-eabi/11.2.1/../../../../arm-none-eabi/lib/thumb/v7e-m/nofp/libg_nano.a(lib_a-mlock.o)
 .ARM.attributes
                0x000000000000070a       0x2e /home/khanh/.local/xPacks/@xpack-dev-tools/arm-none-eabi-gcc/11.2.1-1.2.2/.content/bin/../lib/gcc/arm-none-eabi/11.2.1/../../../../arm-none-eabi/lib/thumb/v7e-m/nofp/libg_nano.a(lib_a-nano-svfprintf.o)
 .ARM.attributes
                0x0000000000000738       0x2e /home/khanh/.local/xPacks/@xpack-dev-tools/arm-none-eabi-gcc/11.2.1-1.2.2/.content/bin/../lib/gcc/arm-none-eabi/11.2.1/../../../../arm-none-eabi/lib/thumb/v7e-m/nofp/libg_nano.a(lib_a-nano-vfprintf_i.o)
 .ARM.attributes
                0x0000000000000766       0x2e /home/khanh/.local/xPacks/@xpack-dev-tools/arm-none-eabi-gcc/11.2.1-1.2.2/.content/bin/../lib/gcc/arm-none-eabi/11.2.1/../../../../arm-none-eabi/lib/thumb/v7e-m/nofp/libg_nano.a(lib_a-nano-vfprintf.o)
 .ARM.attributes
                0x0000000000000794       0x2e /home/khanh/.local/xPacks/@xpack-dev-tools/arm-none-eabi-gcc/11.2.1-1.2.2/.content/bin/../lib/gcc/arm-none-eabi/11.2.1/../../../../arm-none-eabi/lib/thumb/v7e-m/nofp/libg_nano.a(lib_a-stdio.o)
 .ARM.attributes
                0x00000000000007c2       0x2e /home/khanh/.local/xPacks/@xpack-dev-tools/arm-none-eabi-gcc/11.2.1-1.2.2/.content/bin/../lib/gcc/arm-none-eabi/11.2.1/../../../../arm-none-eabi/lib/thumb/v7e-m/nofp/libg_nano.a(lib_a-wbuf.o)
 .ARM.attributes
                0x00000000000007f0       0x2e /home/khanh/.local/xPacks/@xpack-dev-tools/arm-none-eabi-gcc/11.2.1-1.2.2/.content/bin/../lib/gcc/arm-none-eabi/11.2.1/../../../../arm-none-eabi/lib/thumb/v7e-m/nofp/libg_nano.a(lib_a-writer.o)
 .ARM.attributes
                0x000000000000081e       0x2e /home/khanh/.local/xPacks/@xpack-dev-tools/arm-none-eabi-gcc/11.2.1-1.2.2/.content/bin/../lib/gcc/arm-none-eabi/11.2.1/../../../../arm-none-eabi/lib/thumb/v7e-m/nofp/libg_nano.a(lib_a-wsetup.o)
 .ARM.attributes
                0x000000000000084c       0x2e /home/khanh/.local/xPacks/@xpack-dev-tools/arm-none-eabi-gcc/11.2.1-1.2.2/.content/bin/../lib/gcc/arm-none-eabi/11.2.1/../../../../arm-none-eabi/lib/thumb/v7e-m/nofp/libg_nano.a(lib_a-closer.o)
 .ARM.attributes
                0x000000000000087a       0x2e /home/khanh/.local/xPacks/@xpack-dev-tools/arm-none-eabi-gcc/11.2.1-1.2.2/.content/bin/../lib/gcc/arm-none-eabi/11.2.1/../../../../arm-none-eabi/lib/thumb/v7e-m/nofp/libg_nano.a(lib_a-fflush.o)
 .ARM.attributes
                0x00000000000008a8       0x2e /home/khanh/.local/xPacks/@xpack-dev-tools/arm-none-eabi-gcc/11.2.1-1.2.2/.content/bin/../lib/gcc/arm-none-eabi/11.2.1/../../../../arm-none-eabi/lib/thumb/v7e-m/nofp/libg_nano.a(lib_a-lseekr.o)
 .ARM.attributes
                0x00000000000008d6       0x2e /home/khanh/.local/xPacks/@xpack-dev-tools/arm-none-eabi-gcc/11.2.1-1.2.2/.content/bin/../lib/gcc/arm-none-eabi/11.2.1/../../../../arm-none-eabi/lib/thumb/v7e-m/nofp/libg_nano.a(lib_a-makebuf.o)
 .ARM.attributes
                0x0000000000000904       0x1c /home/khanh/.local/xPacks/@xpack-dev-tools/arm-none-eabi-gcc/11.2.1-1.2.2/.content/bin/../lib/gcc/arm-none-eabi/11.2.1/../../../../arm-none-eabi/lib/thumb/v7e-m/nofp/libg_nano.a(lib_a-memchr.o)
 .ARM.attributes
                0x0000000000000920       0x2e /home/khanh/.local/xPacks/@xpack-dev-tools/arm-none-eabi-gcc/11.2.1-1.2.2/.content/bin/../lib/gcc/arm-none-eabi/11.2.1/../../../../arm-none-eabi/lib/thumb/v7e-m/nofp/libg_nano.a(lib_a-memmove.o)
 .ARM.attributes
                0x000000000000094e       0x2e /home/khanh/.local/xPacks/@xpack-dev-tools/arm-none-eabi-gcc/11.2.1-1.2.2/.content/bin/../lib/gcc/arm-none-eabi/11.2.1/../../../../arm-none-eabi/lib/thumb/v7e-m/nofp/libg_nano.a(lib_a-nano-reallocr.o)
 .ARM.attributes
                0x000000000000097c       0x2e /home/khanh/.local/xPacks/@xpack-dev-tools/arm-none-eabi-gcc/11.2.1-1.2.2/.content/bin/../lib/gcc/arm-none-eabi/11.2.1/../../../../arm-none-eabi/lib/thumb/v7e-m/nofp/libg_nano.a(lib_a-readr.o)
 .ARM.attributes
                0x00000000000009aa       0x2e /home/khanh/.local/xPacks/@xpack-dev-tools/arm-none-eabi-gcc/11.2.1-1.2.2/.content/bin/../lib/gcc/arm-none-eabi/11.2.1/../../../../arm-none-eabi/lib/thumb/v7e-m/nofp/libg_nano.a(lib_a-fstatr.o)
 .ARM.attributes
                0x00000000000009d8       0x2e /home/khanh/.local/xPacks/@xpack-dev-tools/arm-none-eabi-gcc/11.2.1-1.2.2/.content/bin/../lib/gcc/arm-none-eabi/11.2.1/../../../../arm-none-eabi/lib/thumb/v7e-m/nofp/libg_nano.a(lib_a-isattyr.o)
 .ARM.attributes
                0x0000000000000a06       0x2e /home/khanh/.local/xPacks/@xpack-dev-tools/arm-none-eabi-gcc/11.2.1-1.2.2/.content/bin/../lib/gcc/arm-none-eabi/11.2.1/../../../../arm-none-eabi/lib/thumb/v7e-m/nofp/libg_nano.a(lib_a-nano-msizer.o)

.debug
 *(.debug)

.line
 *(.line)

.debug_srcinfo
 *(.debug_srcinfo)

.debug_sfnames
 *(.debug_sfnames)

.debug_aranges  0x0000000000000000      0x7a0
 *(.debug_aranges)
 .debug_aranges
                0x0000000000000000       0xf0 ./system/src/stm32f4-hal/stm32f4xx_hal.o
 .debug_aranges
                0x00000000000000f0       0xa8 ./system/src/stm32f4-hal/stm32f4xx_hal_cortex.o
 .debug_aranges
                0x0000000000000198       0x58 ./system/src/stm32f4-hal/stm32f4xx_hal_gpio.o
 .debug_aranges
                0x00000000000001f0       0x88 ./system/src/stm32f4-hal/stm32f4xx_hal_rcc.o
 .debug_aranges
                0x0000000000000278       0x20 ./system/src/newlib/sbrk.o
 .debug_aranges
                0x0000000000000298       0x40 ./system/src/newlib/startup.o
 .debug_aranges
                0x00000000000002d8      0x120 ./system/src/newlib/syscalls.o
 .debug_aranges
                0x00000000000003f8       0x30 ./system/src/diag/trace-impl.o
 .debug_aranges
                0x0000000000000428       0x38 ./system/src/diag/trace.o
 .debug_aranges
                0x0000000000000460       0x90 ./system/src/cortexm/exception-handlers.o
 .debug_aranges
                0x00000000000004f0       0x28 ./system/src/cortexm/initialize-hardware.o
 .debug_aranges
                0x0000000000000518       0x28 ./system/src/cmsis/system_stm32f4xx.o
 .debug_aranges
                0x0000000000000540       0x20 ./system/src/cmsis/vectors_stm32f410cx.o
 .debug_aranges
                0x0000000000000560      0x118 ./src/stm32_bme280/bme280.o
 .debug_aranges
                0x0000000000000678       0x30 ./src/initialize-hardware.o
 .debug_aranges
                0x00000000000006a8       0x30 ./src/led.o
 .debug_aranges
                0x00000000000006d8       0x58 ./src/main.o
 .debug_aranges
                0x0000000000000730       0x38 ./src/stm32f4xx_hal_msp.o
 .debug_aranges
                0x0000000000000768       0x38 ./src/timer.o

.debug_pubnames
 *(.debug_pubnames)

.debug_info     0x0000000000000000     0xa625
 *(.debug_info .gnu.linkonce.wi.*)
 .debug_info    0x0000000000000000      0x96c ./system/src/stm32f4-hal/stm32f4xx_hal.o
 .debug_info    0x000000000000096c     0x1188 ./system/src/stm32f4-hal/stm32f4xx_hal_cortex.o
 .debug_info    0x0000000000001af4      0x89c ./system/src/stm32f4-hal/stm32f4xx_hal_gpio.o
 .debug_info    0x0000000000002390      0xd16 ./system/src/stm32f4-hal/stm32f4xx_hal_rcc.o
 .debug_info    0x00000000000030a6      0x10f ./system/src/newlib/sbrk.o
 .debug_info    0x00000000000031b5      0x55b ./system/src/newlib/startup.o
 .debug_info    0x0000000000003710     0x19ea ./system/src/newlib/syscalls.o
 .debug_info    0x00000000000050fa      0x308 ./system/src/diag/trace-impl.o
 .debug_info    0x0000000000005402      0x341 ./system/src/diag/trace.o
 .debug_info    0x0000000000005743      0x9fd ./system/src/cortexm/exception-handlers.o
 .debug_info    0x0000000000006140      0x292 ./system/src/cortexm/initialize-hardware.o
 .debug_info    0x00000000000063d2      0x511 ./system/src/cmsis/system_stm32f4xx.o
 .debug_info    0x00000000000068e3      0x10b ./system/src/cmsis/vectors_stm32f410cx.o
 .debug_info    0x00000000000069ee     0x182b ./src/stm32_bme280/bme280.o
 .debug_info    0x0000000000008219      0x5a3 ./src/initialize-hardware.o
 .debug_info    0x00000000000087bc      0x41a ./src/led.o
 .debug_info    0x0000000000008bd6     0x131d ./src/main.o
 .debug_info    0x0000000000009ef3       0xb8 ./src/stm32f4xx_hal_msp.o
 .debug_info    0x0000000000009fab      0x67a ./src/timer.o

.debug_abbrev   0x0000000000000000     0x26a0
 *(.debug_abbrev)
 .debug_abbrev  0x0000000000000000      0x27c ./system/src/stm32f4-hal/stm32f4xx_hal.o
 .debug_abbrev  0x000000000000027c      0x3ae ./system/src/stm32f4-hal/stm32f4xx_hal_cortex.o
 .debug_abbrev  0x000000000000062a      0x240 ./system/src/stm32f4-hal/stm32f4xx_hal_gpio.o
 .debug_abbrev  0x000000000000086a      0x2dd ./system/src/stm32f4-hal/stm32f4xx_hal_rcc.o
 .debug_abbrev  0x0000000000000b47       0xcc ./system/src/newlib/sbrk.o
 .debug_abbrev  0x0000000000000c13      0x25a ./system/src/newlib/startup.o
 .debug_abbrev  0x0000000000000e6d      0x3ce ./system/src/newlib/syscalls.o
 .debug_abbrev  0x000000000000123b      0x1c6 ./system/src/diag/trace-impl.o
 .debug_abbrev  0x0000000000001401      0x17d ./system/src/diag/trace.o
 .debug_abbrev  0x000000000000157e      0x2d4 ./system/src/cortexm/exception-handlers.o
 .debug_abbrev  0x0000000000001852      0x104 ./system/src/cortexm/initialize-hardware.o
 .debug_abbrev  0x0000000000001956      0x120 ./system/src/cmsis/system_stm32f4xx.o
 .debug_abbrev  0x0000000000001a76       0xb8 ./system/src/cmsis/vectors_stm32f410cx.o
 .debug_abbrev  0x0000000000001b2e      0x230 ./src/stm32_bme280/bme280.o
 .debug_abbrev  0x0000000000001d5e      0x216 ./src/initialize-hardware.o
 .debug_abbrev  0x0000000000001f74      0x17f ./src/led.o
 .debug_abbrev  0x00000000000020f3      0x370 ./src/main.o
 .debug_abbrev  0x0000000000002463       0x47 ./src/stm32f4xx_hal_msp.o
 .debug_abbrev  0x00000000000024aa      0x1f6 ./src/timer.o

.debug_line     0x0000000000000000     0xdbbf
 *(.debug_line)
 .debug_line    0x0000000000000000      0xd2d ./system/src/stm32f4-hal/stm32f4xx_hal.o
 .debug_line    0x0000000000000d2d     0x106a ./system/src/stm32f4-hal/stm32f4xx_hal_cortex.o
 .debug_line    0x0000000000001d97      0xf4d ./system/src/stm32f4-hal/stm32f4xx_hal_gpio.o
 .debug_line    0x0000000000002ce4     0x13d2 ./system/src/stm32f4-hal/stm32f4xx_hal_rcc.o
 .debug_line    0x00000000000040b6      0x3c7 ./system/src/newlib/sbrk.o
 .debug_line    0x000000000000447d      0x65a ./system/src/newlib/startup.o
 .debug_line    0x0000000000004ad7     0x1145 ./system/src/newlib/syscalls.o
 .debug_line    0x0000000000005c1c      0xbdb ./system/src/diag/trace-impl.o
 .debug_line    0x00000000000067f7      0x4b1 ./system/src/diag/trace.o
 .debug_line    0x0000000000006ca8      0xf58 ./system/src/cortexm/exception-handlers.o
 .debug_line    0x0000000000007c00      0x9eb ./system/src/cortexm/initialize-hardware.o
 .debug_line    0x00000000000085eb      0xa7d ./system/src/cmsis/system_stm32f4xx.o
 .debug_line    0x0000000000009068      0x2ca ./system/src/cmsis/vectors_stm32f410cx.o
 .debug_line    0x0000000000009332     0x1060 ./src/stm32_bme280/bme280.o
 .debug_line    0x000000000000a392      0xb9a ./src/initialize-hardware.o
 .debug_line    0x000000000000af2c      0x9f8 ./src/led.o
 .debug_line    0x000000000000b924      0xe22 ./src/main.o
 .debug_line    0x000000000000c746      0x9db ./src/stm32f4xx_hal_msp.o
 .debug_line    0x000000000000d121      0xa9e ./src/timer.o

.debug_frame    0x0000000000000000     0x1344
 *(.debug_frame)
 .debug_frame   0x0000000000000000      0x1f0 ./system/src/stm32f4-hal/stm32f4xx_hal.o
 .debug_frame   0x00000000000001f0      0x19c ./system/src/stm32f4-hal/stm32f4xx_hal_cortex.o
 .debug_frame   0x000000000000038c       0xfc ./system/src/stm32f4-hal/stm32f4xx_hal_gpio.o
 .debug_frame   0x0000000000000488      0x170 ./system/src/stm32f4-hal/stm32f4xx_hal_rcc.o
 .debug_frame   0x00000000000005f8       0x28 ./system/src/newlib/sbrk.o
 .debug_frame   0x0000000000000620       0x7c ./system/src/newlib/startup.o
 .debug_frame   0x000000000000069c      0x3d0 ./system/src/newlib/syscalls.o
 .debug_frame   0x0000000000000a6c       0x60 ./system/src/diag/trace-impl.o
 .debug_frame   0x0000000000000acc       0x94 ./system/src/diag/trace.o
 .debug_frame   0x0000000000000b60      0x164 ./system/src/cortexm/exception-handlers.o
 .debug_frame   0x0000000000000cc4       0x40 ./system/src/cortexm/initialize-hardware.o
 .debug_frame   0x0000000000000d04       0x30 ./system/src/cmsis/system_stm32f4xx.o
 .debug_frame   0x0000000000000d34       0x20 ./system/src/cmsis/vectors_stm32f410cx.o
 .debug_frame   0x0000000000000d54      0x398 ./src/stm32_bme280/bme280.o
 .debug_frame   0x00000000000010ec       0x64 ./src/initialize-hardware.o
 .debug_frame   0x0000000000001150       0x5c ./src/led.o
 .debug_frame   0x00000000000011ac       0xf0 ./src/main.o
 .debug_frame   0x000000000000129c       0x50 ./src/stm32f4xx_hal_msp.o
 .debug_frame   0x00000000000012ec       0x58 ./src/timer.o

.debug_str      0x0000000000000000    0x9a813
 *(.debug_str)
 .debug_str     0x0000000000000000    0x90c14 ./system/src/stm32f4-hal/stm32f4xx_hal.o
                                      0x9104b (size before relaxing)
 .debug_str     0x0000000000090c14      0x3a2 ./system/src/stm32f4-hal/stm32f4xx_hal_cortex.o
                                      0x90d9d (size before relaxing)
 .debug_str     0x0000000000090fb6      0x277 ./system/src/stm32f4-hal/stm32f4xx_hal_gpio.o
                                      0x90871 (size before relaxing)
 .debug_str     0x000000000009122d      0x3b7 ./system/src/stm32f4-hal/stm32f4xx_hal_rcc.o
                                      0x90a8d (size before relaxing)
 .debug_str     0x00000000000915e4     0x34b8 ./system/src/newlib/sbrk.o
                                       0x6b27 (size before relaxing)
 .debug_str     0x0000000000094a9c      0x2cb ./system/src/newlib/startup.o
                                       0x6495 (size before relaxing)
 .debug_str     0x0000000000094d67     0x3bf8 ./system/src/newlib/syscalls.o
                                       0xb1a4 (size before relaxing)
 .debug_str     0x000000000009895f       0x94 ./system/src/diag/trace-impl.o
                                      0x93904 (size before relaxing)
 .debug_str     0x00000000000989f3      0x162 ./system/src/diag/trace.o
                                       0x7ede (size before relaxing)
 .debug_str     0x0000000000098b55      0x1dc ./system/src/cortexm/exception-handlers.o
                                      0x949d2 (size before relaxing)
 .debug_str     0x0000000000098d31       0x5d ./system/src/cortexm/initialize-hardware.o
                                      0x9058b (size before relaxing)
 .debug_str     0x0000000000098d8e       0x46 ./system/src/cmsis/system_stm32f4xx.o
                                      0x9065c (size before relaxing)
 .debug_str     0x0000000000098dd4       0x59 ./system/src/cmsis/vectors_stm32f410cx.o
                                       0x3e4a (size before relaxing)
 .debug_str     0x0000000000098e2d     0x10ba ./src/stm32_bme280/bme280.o
                                       0x51c9 (size before relaxing)
 .debug_str     0x0000000000099ee7       0x35 ./src/initialize-hardware.o
                                      0x938da (size before relaxing)
 .debug_str     0x0000000000099f1c      0x137 ./src/led.o
                                      0x90744 (size before relaxing)
 .debug_str     0x000000000009a053      0x732 ./src/main.o
                                      0x96334 (size before relaxing)
 .debug_str     0x000000000009a785       0x3d ./src/stm32f4xx_hal_msp.o
                                      0x904b6 (size before relaxing)
 .debug_str     0x000000000009a7c2       0x51 ./src/timer.o
                                      0x90a0c (size before relaxing)

.debug_loc
 *(.debug_loc)

.debug_macinfo
 *(.debug_macinfo)

.debug_weaknames
 *(.debug_weaknames)

.debug_funcnames
 *(.debug_funcnames)

.debug_typenames
 *(.debug_typenames)

.debug_varnames
 *(.debug_varnames)
OUTPUT(Embedded_Ex1.elf elf32-littlearm)
LOAD linker stubs

.debug_loclists
                0x0000000000000000     0x31ae
 .debug_loclists
                0x0000000000000000       0xbe ./system/src/stm32f4-hal/stm32f4xx_hal.o
 .debug_loclists
                0x00000000000000be      0x5ad ./system/src/stm32f4-hal/stm32f4xx_hal_cortex.o
 .debug_loclists
                0x000000000000066b      0x421 ./system/src/stm32f4-hal/stm32f4xx_hal_gpio.o
 .debug_loclists
                0x0000000000000a8c      0x3aa ./system/src/stm32f4-hal/stm32f4xx_hal_rcc.o
 .debug_loclists
                0x0000000000000e36       0x69 ./system/src/newlib/sbrk.o
 .debug_loclists
                0x0000000000000e9f      0x2b7 ./system/src/newlib/startup.o
 .debug_loclists
                0x0000000000001156      0xbfa ./system/src/newlib/syscalls.o
 .debug_loclists
                0x0000000000001d50       0xff ./system/src/diag/trace-impl.o
 .debug_loclists
                0x0000000000001e4f       0xb2 ./system/src/diag/trace.o
 .debug_loclists
                0x0000000000001f01      0x32c ./system/src/cortexm/exception-handlers.o
 .debug_loclists
                0x000000000000222d       0xdb ./system/src/cmsis/system_stm32f4xx.o
 .debug_loclists
                0x0000000000002308      0xd30 ./src/stm32_bme280/bme280.o
 .debug_loclists
                0x0000000000003038       0x48 ./src/initialize-hardware.o
 .debug_loclists
                0x0000000000003080       0xe7 ./src/main.o
 .debug_loclists
                0x0000000000003167       0x47 ./src/timer.o

.debug_rnglists
                0x0000000000000000      0x5f8
 .debug_rnglists
                0x0000000000000000       0xaf ./system/src/stm32f4-hal/stm32f4xx_hal.o
 .debug_rnglists
                0x00000000000000af       0xc3 ./system/src/stm32f4-hal/stm32f4xx_hal_cortex.o
 .debug_rnglists
                0x0000000000000172       0x3f ./system/src/stm32f4-hal/stm32f4xx_hal_gpio.o
 .debug_rnglists
                0x00000000000001b1       0x75 ./system/src/stm32f4-hal/stm32f4xx_hal_rcc.o
 .debug_rnglists
                0x0000000000000226       0x13 ./system/src/newlib/sbrk.o
 .debug_rnglists
                0x0000000000000239       0x50 ./system/src/newlib/startup.o
 .debug_rnglists
                0x0000000000000289       0xe3 ./system/src/newlib/syscalls.o
 .debug_rnglists
                0x000000000000036c       0x1f ./system/src/diag/trace-impl.o
 .debug_rnglists
                0x000000000000038b       0x25 ./system/src/diag/trace.o
 .debug_rnglists
                0x00000000000003b0       0x69 ./system/src/cortexm/exception-handlers.o
 .debug_rnglists
                0x0000000000000419       0x19 ./system/src/cortexm/initialize-hardware.o
 .debug_rnglists
                0x0000000000000432       0x1a ./system/src/cmsis/system_stm32f4xx.o
 .debug_rnglists
                0x000000000000044c       0x13 ./system/src/cmsis/vectors_stm32f410cx.o
 .debug_rnglists
                0x000000000000045f       0xd2 ./src/stm32_bme280/bme280.o
 .debug_rnglists
                0x0000000000000531       0x20 ./src/initialize-hardware.o
 .debug_rnglists
                0x0000000000000551       0x1f ./src/led.o
 .debug_rnglists
                0x0000000000000570       0x3e ./src/main.o
 .debug_rnglists
                0x00000000000005ae       0x25 ./src/stm32f4xx_hal_msp.o
 .debug_rnglists
                0x00000000000005d3       0x25 ./src/timer.o

.debug_macro    0x0000000000000000    0x1a86d
 .debug_macro   0x0000000000000000      0x425 ./system/src/stm32f4-hal/stm32f4xx_hal.o
 .debug_macro   0x0000000000000425      0xab4 ./system/src/stm32f4-hal/stm32f4xx_hal.o
 .debug_macro   0x0000000000000ed9      0x3a2 ./system/src/stm32f4-hal/stm32f4xx_hal.o
 .debug_macro   0x000000000000127b       0x2e ./system/src/stm32f4-hal/stm32f4xx_hal.o
 .debug_macro   0x00000000000012a9       0x28 ./system/src/stm32f4-hal/stm32f4xx_hal.o
 .debug_macro   0x00000000000012d1       0x22 ./system/src/stm32f4-hal/stm32f4xx_hal.o
 .debug_macro   0x00000000000012f3       0x8e ./system/src/stm32f4-hal/stm32f4xx_hal.o
 .debug_macro   0x0000000000001381       0x51 ./system/src/stm32f4-hal/stm32f4xx_hal.o
 .debug_macro   0x00000000000013d2      0x103 ./system/src/stm32f4-hal/stm32f4xx_hal.o
 .debug_macro   0x00000000000014d5       0x6a ./system/src/stm32f4-hal/stm32f4xx_hal.o
 .debug_macro   0x000000000000153f      0x1df ./system/src/stm32f4-hal/stm32f4xx_hal.o
 .debug_macro   0x000000000000171e       0x1c ./system/src/stm32f4-hal/stm32f4xx_hal.o
 .debug_macro   0x000000000000173a       0x22 ./system/src/stm32f4-hal/stm32f4xx_hal.o
 .debug_macro   0x000000000000175c       0xd9 ./system/src/stm32f4-hal/stm32f4xx_hal.o
 .debug_macro   0x0000000000001835     0x102d ./system/src/stm32f4-hal/stm32f4xx_hal.o
 .debug_macro   0x0000000000002862      0x11f ./system/src/stm32f4-hal/stm32f4xx_hal.o
 .debug_macro   0x0000000000002981     0x9c73 ./system/src/stm32f4-hal/stm32f4xx_hal.o
 .debug_macro   0x000000000000c5f4       0x43 ./system/src/stm32f4-hal/stm32f4xx_hal.o
 .debug_macro   0x000000000000c637     0x3659 ./system/src/stm32f4-hal/stm32f4xx_hal.o
 .debug_macro   0x000000000000fc90      0x174 ./system/src/stm32f4-hal/stm32f4xx_hal.o
 .debug_macro   0x000000000000fe04       0x5a ./system/src/stm32f4-hal/stm32f4xx_hal.o
 .debug_macro   0x000000000000fe5e      0x39f ./system/src/stm32f4-hal/stm32f4xx_hal.o
 .debug_macro   0x00000000000101fd      0x9fe ./system/src/stm32f4-hal/stm32f4xx_hal.o
 .debug_macro   0x0000000000010bfb      0x117 ./system/src/stm32f4-hal/stm32f4xx_hal.o
 .debug_macro   0x0000000000010d12       0xc0 ./system/src/stm32f4-hal/stm32f4xx_hal.o
 .debug_macro   0x0000000000010dd2       0x27 ./system/src/stm32f4-hal/stm32f4xx_hal.o
 .debug_macro   0x0000000000010df9      0x157 ./system/src/stm32f4-hal/stm32f4xx_hal.o
 .debug_macro   0x0000000000010f50      0x287 ./system/src/stm32f4-hal/stm32f4xx_hal.o
 .debug_macro   0x00000000000111d7       0x5f ./system/src/stm32f4-hal/stm32f4xx_hal.o
 .debug_macro   0x0000000000011236      0x236 ./system/src/stm32f4-hal/stm32f4xx_hal.o